Archive member included to satisfy reference by file (symbol)

/home/abc/Apps/STM32CUBEIDE_1.9.0/plugins/com.st.stm32cube.ide.mcu.externaltools.gnu-tools-for-stm32.10.3-2021.10.linux64_1.0.0.202111181127/tools/bin/../lib/gcc/arm-none-eabi/10.3.1/../../../../arm-none-eabi/lib/thumb/v7e-m/nofp/libc_nano.a(lib_a-errno.o)
                              ./Application/Core/syscalls.o (__errno)
/home/abc/Apps/STM32CUBEIDE_1.9.0/plugins/com.st.stm32cube.ide.mcu.externaltools.gnu-tools-for-stm32.10.3-2021.10.linux64_1.0.0.202111181127/tools/bin/../lib/gcc/arm-none-eabi/10.3.1/../../../../arm-none-eabi/lib/thumb/v7e-m/nofp/libc_nano.a(lib_a-exit.o)
                              /home/abc/Apps/STM32CUBEIDE_1.9.0/plugins/com.st.stm32cube.ide.mcu.externaltools.gnu-tools-for-stm32.10.3-2021.10.linux64_1.0.0.202111181127/tools/bin/../lib/gcc/arm-none-eabi/10.3.1/../../../../arm-none-eabi/lib/thumb/v7e-m/nofp/crt0.o (exit)
/home/abc/Apps/STM32CUBEIDE_1.9.0/plugins/com.st.stm32cube.ide.mcu.externaltools.gnu-tools-for-stm32.10.3-2021.10.linux64_1.0.0.202111181127/tools/bin/../lib/gcc/arm-none-eabi/10.3.1/../../../../arm-none-eabi/lib/thumb/v7e-m/nofp/libc_nano.a(lib_a-impure.o)
                              /home/abc/Apps/STM32CUBEIDE_1.9.0/plugins/com.st.stm32cube.ide.mcu.externaltools.gnu-tools-for-stm32.10.3-2021.10.linux64_1.0.0.202111181127/tools/bin/../lib/gcc/arm-none-eabi/10.3.1/../../../../arm-none-eabi/lib/thumb/v7e-m/nofp/libc_nano.a(lib_a-exit.o) (_global_impure_ptr)
/home/abc/Apps/STM32CUBEIDE_1.9.0/plugins/com.st.stm32cube.ide.mcu.externaltools.gnu-tools-for-stm32.10.3-2021.10.linux64_1.0.0.202111181127/tools/bin/../lib/gcc/arm-none-eabi/10.3.1/../../../../arm-none-eabi/lib/thumb/v7e-m/nofp/libc_nano.a(lib_a-init.o)
                              /home/abc/Apps/STM32CUBEIDE_1.9.0/plugins/com.st.stm32cube.ide.mcu.externaltools.gnu-tools-for-stm32.10.3-2021.10.linux64_1.0.0.202111181127/tools/bin/../lib/gcc/arm-none-eabi/10.3.1/../../../../arm-none-eabi/lib/thumb/v7e-m/nofp/crt0.o (__libc_init_array)
/home/abc/Apps/STM32CUBEIDE_1.9.0/plugins/com.st.stm32cube.ide.mcu.externaltools.gnu-tools-for-stm32.10.3-2021.10.linux64_1.0.0.202111181127/tools/bin/../lib/gcc/arm-none-eabi/10.3.1/../../../../arm-none-eabi/lib/thumb/v7e-m/nofp/libc_nano.a(lib_a-memcpy-stub.o)
                              ./Application/App/demo_concentrator.o (memcpy)
/home/abc/Apps/STM32CUBEIDE_1.9.0/plugins/com.st.stm32cube.ide.mcu.externaltools.gnu-tools-for-stm32.10.3-2021.10.linux64_1.0.0.202111181127/tools/bin/../lib/gcc/arm-none-eabi/10.3.1/../../../../arm-none-eabi/lib/thumb/v7e-m/nofp/libc_nano.a(lib_a-memset.o)
                              /home/abc/Apps/STM32CUBEIDE_1.9.0/plugins/com.st.stm32cube.ide.mcu.externaltools.gnu-tools-for-stm32.10.3-2021.10.linux64_1.0.0.202111181127/tools/bin/../lib/gcc/arm-none-eabi/10.3.1/../../../../arm-none-eabi/lib/thumb/v7e-m/nofp/crt0.o (memset)
/home/abc/Apps/STM32CUBEIDE_1.9.0/plugins/com.st.stm32cube.ide.mcu.externaltools.gnu-tools-for-stm32.10.3-2021.10.linux64_1.0.0.202111181127/tools/bin/../lib/gcc/arm-none-eabi/10.3.1/../../../../arm-none-eabi/lib/thumb/v7e-m/nofp/libc_nano.a(lib_a-strlen.o)
                              ./Application/Core/sys_app.o (strlen)
/home/abc/Apps/STM32CUBEIDE_1.9.0/plugins/com.st.stm32cube.ide.mcu.externaltools.gnu-tools-for-stm32.10.3-2021.10.linux64_1.0.0.202111181127/tools/bin/../lib/gcc/arm-none-eabi/10.3.1/../../../../arm-none-eabi/lib/thumb/v7e-m/nofp/libc_nano.a(lib_a-strncmp.o)
                              ./Application/App/demo_command.o (strncmp)
/home/abc/Apps/STM32CUBEIDE_1.9.0/plugins/com.st.stm32cube.ide.mcu.externaltools.gnu-tools-for-stm32.10.3-2021.10.linux64_1.0.0.202111181127/tools/bin/../lib/gcc/arm-none-eabi/10.3.1/../../../../arm-none-eabi/lib/thumb/v7e-m/nofp/libc_nano.a(lib_a-vsnprintf.o)
                              ./Application/Core/sys_app.o (vsnprintf)
/home/abc/Apps/STM32CUBEIDE_1.9.0/plugins/com.st.stm32cube.ide.mcu.externaltools.gnu-tools-for-stm32.10.3-2021.10.linux64_1.0.0.202111181127/tools/bin/../lib/gcc/arm-none-eabi/10.3.1/../../../../arm-none-eabi/lib/thumb/v7e-m/nofp/libc_nano.a(lib_a-nano-svfprintf.o)
                              /home/abc/Apps/STM32CUBEIDE_1.9.0/plugins/com.st.stm32cube.ide.mcu.externaltools.gnu-tools-for-stm32.10.3-2021.10.linux64_1.0.0.202111181127/tools/bin/../lib/gcc/arm-none-eabi/10.3.1/../../../../arm-none-eabi/lib/thumb/v7e-m/nofp/libc_nano.a(lib_a-vsnprintf.o) (_svfprintf_r)
/home/abc/Apps/STM32CUBEIDE_1.9.0/plugins/com.st.stm32cube.ide.mcu.externaltools.gnu-tools-for-stm32.10.3-2021.10.linux64_1.0.0.202111181127/tools/bin/../lib/gcc/arm-none-eabi/10.3.1/../../../../arm-none-eabi/lib/thumb/v7e-m/nofp/libc_nano.a(lib_a-nano-vfprintf_i.o)
[...]
Memory Configuration

Name             Origin             Length             Attributes
ROM              0x0000000008000000 0x0000000000040000 xr
RAM1             0x0000000020000000 0x0000000000008000 xrw
RAM2             0x0000000020008000 0x0000000000008000 xrw
*default*        0x0000000000000000 0xffffffffffffffff

Linker script and memory map

LOAD /home/abc/Apps/STM32CUBEIDE_1.9.0/plugins/com.st.stm32cube.ide.mcu.externaltools.gnu-tools-for-stm32.10.3-2021.10.linux64_1.0.0.202111181127/tools/bin/../lib/gcc/arm-none-eabi/10.3.1/thumb/v7e-m/nofp/crti.o
LOAD /home/abc/Apps/STM32CUBEIDE_1.9.0/plugins/com.st.stm32cube.ide.mcu.externaltools.gnu-tools-for-stm32.10.3-2021.10.linux64_1.0.0.202111181127/tools/bin/../lib/gcc/arm-none-eabi/10.3.1/thumb/v7e-m/nofp/crtbegin.o
LOAD /home/abc/Apps/STM32CUBEIDE_1.9.0/plugins/com.st.stm32cube.ide.mcu.externaltools.gnu-tools-for-stm32.10.3-2021.10.linux64_1.0.0.202111181127/tools/bin/../lib/gcc/arm-none-eabi/10.3.1/../../../../arm-none-eabi/lib/thumb/v7e-m/nofp/crt0.o
LOAD ./Application/App/demo_at.o
LOAD ./Application/App/demo_command.o
LOAD ./Application/App/demo_concentrator.o
LOAD ./Application/App/demo_report.o
LOAD ./Application/Common/demo_radio_utils.o
LOAD ./Application/Common/demo_regions.o
LOAD ./Application/Common/demo_utils.o
LOAD ./Application/Core/adc.o
LOAD ./Application/Core/adc_if.o
LOAD ./Application/Core/dma.o
LOAD ./Application/Core/main.o
LOAD ./Application/Core/rtc.o
LOAD ./Application/Core/stm32_lpm_if.o
LOAD ./Application/Core/stm32wlxx_hal_msp.o
LOAD ./Application/Core/stm32wlxx_it.o
LOAD ./Application/Core/subghz.o
LOAD ./Application/Core/sys_app.o
LOAD ./Application/Core/sys_debug.o
LOAD ./Application/Core/syscalls.o
LOAD ./Application/Core/sysmem.o
LOAD ./Application/Core/timer_if.o
LOAD ./Application/Core/usart.o
LOAD ./Application/Core/usart_if.o
LOAD ./Application/Startup/startup_stm32wl55xx_cm4.o
LOAD ./Application/Target/radio_board_if.o
LOAD ./Drivers/CMSIS/system_stm32wlxx.o
LOAD ./Drivers/STM32WLxx_HAL_Driver/stm32wlxx_hal.o
LOAD ./Drivers/STM32WLxx_HAL_Driver/stm32wlxx_hal_adc.o
LOAD ./Drivers/STM32WLxx_HAL_Driver/stm32wlxx_hal_adc_ex.o
LOAD ./Drivers/STM32WLxx_HAL_Driver/stm32wlxx_hal_cortex.o
LOAD ./Drivers/STM32WLxx_HAL_Driver/stm32wlxx_hal_dma.o
LOAD ./Drivers/STM32WLxx_HAL_Driver/stm32wlxx_hal_dma_ex.o
LOAD ./Drivers/STM32WLxx_HAL_Driver/stm32wlxx_hal_exti.o
LOAD ./Drivers/STM32WLxx_HAL_Driver/stm32wlxx_hal_gpio.o
LOAD ./Drivers/STM32WLxx_HAL_Driver/stm32wlxx_hal_pwr.o
LOAD ./Drivers/STM32WLxx_HAL_Driver/stm32wlxx_hal_pwr_ex.o
LOAD ./Drivers/STM32WLxx_HAL_Driver/stm32wlxx_hal_rcc.o
LOAD ./Drivers/STM32WLxx_HAL_Driver/stm32wlxx_hal_rcc_ex.o
LOAD ./Drivers/STM32WLxx_HAL_Driver/stm32wlxx_hal_rtc.o
LOAD ./Drivers/STM32WLxx_HAL_Driver/stm32wlxx_hal_rtc_ex.o
LOAD ./Drivers/STM32WLxx_HAL_Driver/stm32wlxx_hal_subghz.o
LOAD ./Drivers/STM32WLxx_HAL_Driver/stm32wlxx_hal_tim.o
LOAD ./Drivers/STM32WLxx_HAL_Driver/stm32wlxx_hal_tim_ex.o
LOAD ./Drivers/STM32WLxx_HAL_Driver/stm32wlxx_hal_uart.o
LOAD ./Drivers/STM32WLxx_HAL_Driver/stm32wlxx_hal_uart_ex.o
LOAD ./Drivers/STM32WLxx_HAL_Driver/stm32wlxx_ll_adc.o
LOAD ./Drivers/STM32WLxx_Nucleo/stm32wlxx_nucleo.o
LOAD ./Drivers/STM32WLxx_Nucleo/stm32wlxx_nucleo_radio.o
LOAD ./Middlewares/SubGHz_Phy/radio.o
LOAD ./Middlewares/SubGHz_Phy/radio_driver.o
LOAD ./Utilities/stm32_adv_trace.o
LOAD ./Utilities/stm32_lpm.o
LOAD ./Utilities/stm32_mem.o
LOAD ./Utilities/stm32_seq.o
LOAD ./Utilities/stm32_systime.o
LOAD ./Utilities/stm32_timer.o
LOAD ./Utilities/stm32_tiny_sscanf.o
LOAD ./Utilities/stm32_tiny_vsnprintf.o
START GROUP
LOAD /home/abc/Apps/STM32CUBEIDE_1.9.0/plugins/com.st.stm32cube.ide.mcu.externaltools.gnu-tools-for-stm32.10.3-2021.10.linux64_1.0.0.202111181127/tools/bin/../lib/gcc/arm-none-eabi/10.3.1/../../../../arm-none-eabi/lib/thumb/v7e-m/nofp/libc_nano.a
LOAD /home/abc/Apps/STM32CUBEIDE_1.9.0/plugins/com.st.stm32cube.ide.mcu.externaltools.gnu-tools-for-stm32.10.3-2021.10.linux64_1.0.0.202111181127/tools/bin/../lib/gcc/arm-none-eabi/10.3.1/../../../../arm-none-eabi/lib/thumb/v7e-m/nofp/libm.a
END GROUP
START GROUP
LOAD /home/abc/Apps/STM32CUBEIDE_1.9.0/plugins/com.st.stm32cube.ide.mcu.externaltools.gnu-tools-for-stm32.10.3-2021.10.linux64_1.0.0.202111181127/tools/bin/../lib/gcc/arm-none-eabi/10.3.1/thumb/v7e-m/nofp/libgcc.a
LOAD /home/abc/Apps/STM32CUBEIDE_1.9.0/plugins/com.st.stm32cube.ide.mcu.externaltools.gnu-tools-for-stm32.10.3-2021.10.linux64_1.0.0.202111181127/tools/bin/../lib/gcc/arm-none-eabi/10.3.1/../../../../arm-none-eabi/lib/thumb/v7e-m/nofp/libc_nano.a
END GROUP
START GROUP
LOAD /home/abc/Apps/STM32CUBEIDE_1.9.0/plugins/com.st.stm32cube.ide.mcu.externaltools.gnu-tools-for-stm32.10.3-2021.10.linux64_1.0.0.202111181127/tools/bin/../lib/gcc/arm-none-eabi/10.3.1/thumb/v7e-m/nofp/libgcc.a
LOAD /home/abc/Apps/STM32CUBEIDE_1.9.0/plugins/com.st.stm32cube.ide.mcu.externaltools.gnu-tools-for-stm32.10.3-2021.10.linux64_1.0.0.202111181127/tools/bin/../lib/gcc/arm-none-eabi/10.3.1/../../../../arm-none-eabi/lib/thumb/v7e-m/nofp/libc_nano.a
LOAD /home/abc/Apps/STM32CUBEIDE_1.9.0/plugins/com.st.stm32cube.ide.mcu.externaltools.gnu-tools-for-stm32.10.3-2021.10.linux64_1.0.0.202111181127/tools/bin/../lib/gcc/arm-none-eabi/10.3.1/../../../../arm-none-eabi/lib/thumb/v7e-m/nofp/libnosys.a
END GROUP
START GROUP
LOAD /home/abc/Apps/STM32CUBEIDE_1.9.0/plugins/com.st.stm32cube.ide.mcu.externaltools.gnu-tools-for-stm32.10.3-2021.10.linux64_1.0.0.202111181127/tools/bin/../lib/gcc/arm-none-eabi/10.3.1/thumb/v7e-m/nofp/libgcc.a
LOAD /home/abc/Apps/STM32CUBEIDE_1.9.0/plugins/com.st.stm32cube.ide.mcu.externaltools.gnu-tools-for-stm32.10.3-2021.10.linux64_1.0.0.202111181127/tools/bin/../lib/gcc/arm-none-eabi/10.3.1/../../../../arm-none-eabi/lib/thumb/v7e-m/nofp/libc_nano.a
LOAD /home/abc/Apps/STM32CUBEIDE_1.9.0/plugins/com.st.stm32cube.ide.mcu.externaltools.gnu-tools-for-stm32.10.3-2021.10.linux64_1.0.0.202111181127/tools/bin/../lib/gcc/arm-none-eabi/10.3.1/../../../../arm-none-eabi/lib/thumb/v7e-m/nofp/libnosys.a
END GROUP
LOAD /home/abc/Apps/STM32CUBEIDE_1.9.0/plugins/com.st.stm32cube.ide.mcu.externaltools.gnu-tools-for-stm32.10.3-2021.10.linux64_1.0.0.202111181127/tools/bin/../lib/gcc/arm-none-eabi/10.3.1/thumb/v7e-m/nofp/crtend.o
LOAD /home/abc/Apps/STM32CUBEIDE_1.9.0/plugins/com.st.stm32cube.ide.mcu.externaltools.gnu-tools-for-stm32.10.3-2021.10.linux64_1.0.0.202111181127/tools/bin/../lib/gcc/arm-none-eabi/10.3.1/thumb/v7e-m/nofp/crtn.o
                0x0000000020008000                _estack = (ORIGIN (RAM1) + LENGTH (RAM1))
                0x0000000000000200                _Min_Heap_Size = 0x200
                0x0000000000000800                _Min_Stack_Size = 0x800

.isr_vector     0x0000000008000000      0x138
                0x0000000008000000                . = ALIGN (0x8)
 *(.isr_vector)
 .isr_vector    0x0000000008000000      0x138 ./Application/Startup/startup_stm32wl55xx_cm4.o
                0x0000000008000000                g_pfnVectors
                0x0000000008000138                . = ALIGN (0x8)

.text           0x0000000008000140     0xf3e8
                0x0000000008000140                . = ALIGN (0x8)
 *(.text)
 .text          0x0000000008000140       0x40 /home/abc/Apps/STM32CUBEIDE_1.9.0/plugins/com.st.stm32cube.ide.mcu.externaltools.gnu-tools-for-stm32.10.3-2021.10.linux64_1.0.0.202111181127/tools/bin/../lib/gcc/arm-none-eabi/10.3.1/thumb/v7e-m/nofp/crtbegin.o
 .text          0x0000000008000180       0x10 /home/abc/Apps/STM32CUBEIDE_1.9.0/plugins/com.st.stm32cube.ide.mcu.externaltools.gnu-tools-for-stm32.10.3-2021.10.linux64_1.0.0.202111181127/tools/bin/../lib/gcc/arm-none-eabi/10.3.1/../../../../arm-none-eabi/lib/thumb/v7e-m/nofp/libc_nano.a(lib_a-strlen.o)
                0x0000000008000180                strlen
 .text          0x0000000008000190       0xa0 /home/abc/Apps/STM32CUBEIDE_1.9.0/plugins/com.st.stm32cube.ide.mcu.externaltools.gnu-tools-for-stm32.10.3-2021.10.linux64_1.0.0.202111181127/tools/bin/../lib/gcc/arm-none-eabi/10.3.1/../../../../arm-none-eabi/lib/thumb/v7e-m/nofp/libc_nano.a(lib_a-memchr.o)
                0x0000000008000190                memchr
 .text          0x0000000008000230       0x30 /home/abc/Apps/STM32CUBEIDE_1.9.0/plugins/com.st.stm32cube.ide.mcu.externaltools.gnu-tools-for-stm32.10.3-2021.10.linux64_1.0.0.202111181127/tools/bin/../lib/gcc/arm-none-eabi/10.3.1/thumb/v7e-m/nofp/libgcc.a(_aeabi_uldivmod.o)
                0x0000000008000230                __aeabi_uldivmod
 .text          0x0000000008000260      0x2d0 /home/abc/Apps/STM32CUBEIDE_1.9.0/plugins/com.st.stm32cube.ide.mcu.externaltools.gnu-tools-for-stm32.10.3-2021.10.linux64_1.0.0.202111181127/tools/bin/../lib/gcc/arm-none-eabi/10.3.1/thumb/v7e-m/nofp/libgcc.a(_udivmoddi4.o)
                0x0000000008000260                __udivmoddi4
 .text          0x0000000008000530        0x4 /home/abc/Apps/STM32CUBEIDE_1.9.0/plugins/com.st.stm32cube.ide.mcu.externaltools.gnu-tools-for-stm32.10.3-2021.10.linux64_1.0.0.202111181127/tools/bin/../lib/gcc/arm-none-eabi/10.3.1/thumb/v7e-m/nofp/libgcc.a(_dvmd_tls.o)
                0x0000000008000530                __aeabi_ldiv0
                0x0000000008000530                __aeabi_idiv0
 *(.text*)
 .text.__NVIC_SystemReset
                0x0000000008000534       0x2c ./Application/App/demo_at.o
 .text.at_init  0x0000000008000560       0x7c ./Application/App/demo_at.o
                0x0000000008000560                at_init
 .text.at_return_error
                0x00000000080005dc       0x14 ./Application/App/demo_at.o
                0x00000000080005dc                at_return_error
 .text.at_reset
                0x00000000080005f0        0xc ./Application/App/demo_at.o
                0x00000000080005f0                at_reset
 .text.at_version_get
                0x00000000080005fc       0x24 ./Application/App/demo_at.o
                0x00000000080005fc                at_version_get
 .text.at_verbose_set
                0x0000000008000620       0x6c ./Application/App/demo_at.o
                0x0000000008000620                at_verbose_set
 .text.at_verbose_get
                0x000000000800068c       0x2c ./Application/App/demo_at.o
                0x000000000800068c                at_verbose_get
 .text.at_list_regions
                0x00000000080006b8      0x120 ./Application/App/demo_at.o
                0x00000000080006b8                at_list_regions
 .text.at_DE_set
                0x00000000080007d8       0x74 ./Application/App/demo_at.o
                0x00000000080007d8                at_DE_set
 .text.at_DE_get
                0x000000000800084c       0x34 ./Application/App/demo_at.o
                0x000000000800084c                at_DE_get
 .text.at_CR_set
                0x0000000008000880       0x78 ./Application/App/demo_at.o
                0x0000000008000880                at_CR_set
 .text.at_CR_get
                0x00000000080008f8       0x34 ./Application/App/demo_at.o
                0x00000000080008f8                at_CR_get
 .text.at_SF_set
                0x000000000800092c       0x78 ./Application/App/demo_at.o
                0x000000000800092c                at_SF_set
 .text.at_SF_get
                0x00000000080009a4       0x34 ./Application/App/demo_at.o
                0x00000000080009a4                at_SF_get
 .text.at_BW_set
                0x00000000080009d8       0x74 ./Application/App/demo_at.o
                0x00000000080009d8                at_BW_set
 .text.at_BW_get
                0x0000000008000a4c       0x34 ./Application/App/demo_at.o
                0x0000000008000a4c                at_BW_get
 .text.at_RISE_set
                0x0000000008000a80       0x74 ./Application/App/demo_at.o
                0x0000000008000a80                at_RISE_set
 .text.at_RISE_get
                0x0000000008000af4       0x34 ./Application/App/demo_at.o
                0x0000000008000af4                at_RISE_get
 .text.at_BR_set
                0x0000000008000b28       0x84 ./Application/App/demo_at.o
                0x0000000008000b28                at_BR_set
 .text.at_BR_get
                0x0000000008000bac       0x30 ./Application/App/demo_at.o
                0x0000000008000bac                at_BR_get
 .text.at_FDEV_set
                0x0000000008000bdc       0x78 ./Application/App/demo_at.o
                0x0000000008000bdc                at_FDEV_set
 .text.at_FDEV_get
                0x0000000008000c54       0x30 ./Application/App/demo_at.o
                0x0000000008000c54                at_FDEV_get
 .text.at_BT_set
                0x0000000008000c84       0x74 ./Application/App/demo_at.o
                0x0000000008000c84                at_BT_set
 .text.at_BT_get
                0x0000000008000cf8       0x34 ./Application/App/demo_at.o
                0x0000000008000cf8                at_BT_get
 .text.at_REGION_set
                0x0000000008000d2c       0x68 ./Application/App/demo_at.o
                0x0000000008000d2c                at_REGION_set
 .text.at_REGION_get
                0x0000000008000d94       0x2c ./Application/App/demo_at.o
                0x0000000008000d94                at_REGION_get
 .text.at_SUBREGION_set
                0x0000000008000dc0       0x68 ./Application/App/demo_at.o
                0x0000000008000dc0                at_SUBREGION_set
 .text.at_SUBREGION_get
                0x0000000008000e28       0x2c ./Application/App/demo_at.o
                0x0000000008000e28                at_SUBREGION_get
 .text.at_beacon_get
                0x0000000008000e54       0x40 ./Application/App/demo_at.o
                0x0000000008000e54                at_beacon_get
 .text.at_beacon_set
                0x0000000008000e94       0xc4 ./Application/App/demo_at.o
                0x0000000008000e94                at_beacon_set
 .text.at_beacon_run
                0x0000000008000f58       0x1c ./Application/App/demo_at.o
                0x0000000008000f58                at_beacon_run
 .text.at_mod_helper
                0x0000000008000f74      0x110 ./Application/App/demo_at.o
                0x0000000008000f74                at_mod_helper
 .text.at_mod_lora
                0x0000000008001084       0x1c ./Application/App/demo_at.o
                0x0000000008001084                at_mod_lora
 .text.at_mod_fsk
                0x00000000080010a0       0x1c ./Application/App/demo_at.o
                0x00000000080010a0                at_mod_fsk
 .text.at_mod_test_lora
                0x00000000080010bc       0x1c ./Application/App/demo_at.o
                0x00000000080010bc                at_mod_test_lora
 .text.at_mod_test_fsk
                0x00000000080010d8       0x1c ./Application/App/demo_at.o
                0x00000000080010d8                at_mod_test_fsk
 .text.CMD_Init
                0x00000000080010f4       0x60 ./Application/App/demo_command.o
                0x00000000080010f4                CMD_Init
 .text.CMD_Process
                0x0000000008001154      0x1d0 ./Application/App/demo_command.o
                0x0000000008001154                CMD_Process
 .text.CMD_ProcessBackSpace
                0x0000000008001324       0xd4 ./Application/App/demo_command.o
 .text.CMD_GetChar
                0x00000000080013f8       0x80 ./Application/App/demo_command.o
 .text.parse_cmd
                0x0000000008001478      0x180 ./Application/App/demo_command.o
 .text.com_error
                0x00000000080015f8       0x3c ./Application/App/demo_command.o
 .text.__NVIC_EnableIRQ
                0x0000000008001634       0x38 ./Application/App/demo_concentrator.o
 .text.__NVIC_SetPriority
                0x000000000800166c       0x54 ./Application/App/demo_concentrator.o
 .text.LL_RCC_LSE_Enable
                0x00000000080016c0       0x20 ./Application/App/demo_concentrator.o
 .text.LL_RCC_LSE_IsReady
                0x00000000080016e0       0x22 ./Application/App/demo_concentrator.o
 .text.LL_RCC_SetLPTIMClockSource
                0x0000000008001702       0x32 ./Application/App/demo_concentrator.o
 .text.LL_APB1_GRP1_EnableClock
                0x0000000008001734       0x30 ./Application/App/demo_concentrator.o
 .text.LL_APB1_GRP1_ForceReset
                0x0000000008001764       0x22 ./Application/App/demo_concentrator.o
 .text.LL_APB1_GRP1_ReleaseReset
                0x0000000008001786       0x24 ./Application/App/demo_concentrator.o
 *fill*         0x00000000080017aa        0x2 
 .text.DEMO_PRND_Next
                0x00000000080017ac       0x88 ./Application/App/demo_concentrator.o
 .text.LL_LPTIM_Enable
                0x0000000008001834       0x1e ./Application/App/demo_concentrator.o
 .text.LL_LPTIM_StartCounter
                0x0000000008001852       0x24 ./Application/App/demo_concentrator.o
 .text.LL_LPTIM_SetAutoReload
                0x0000000008001876       0x24 ./Application/App/demo_concentrator.o
 .text.LL_LPTIM_GetCounter
                0x000000000800189a       0x18 ./Application/App/demo_concentrator.o
 .text.LL_LPTIM_SetCounterMode
                0x00000000080018b2       0x24 ./Application/App/demo_concentrator.o
 .text.LL_LPTIM_SetPrescaler
                0x00000000080018d6       0x24 ./Application/App/demo_concentrator.o
 .text.LL_LPTIM_SetClockSource
                0x00000000080018fa       0x24 ./Application/App/demo_concentrator.o
 .text.LL_LPTIM_ClearFLAG_ARRM
                0x000000000800191e       0x1e ./Application/App/demo_concentrator.o
 .text.LL_LPTIM_ClearFlag_ARROK
                0x000000000800193c       0x1e ./Application/App/demo_concentrator.o
 .text.LL_LPTIM_IsActiveFlag_ARROK
                0x000000000800195a       0x24 ./Application/App/demo_concentrator.o
 .text.LL_LPTIM_EnableIT_ARRM
                0x000000000800197e       0x1e ./Application/App/demo_concentrator.o
 .text.CONC_Init
                0x000000000800199c      0x1f8 ./Application/App/demo_concentrator.o
                0x000000000800199c                CONC_Init
 .text.StartLPTIM
                0x0000000008001b94       0x1c ./Application/App/demo_concentrator.o
 .text.CONC_StartBeacon
                0x0000000008001bb0      0x214 ./Application/App/demo_concentrator.o
                0x0000000008001bb0                CONC_StartBeacon
 .text.CONC_StopBeacon
                0x0000000008001dc4       0x40 ./Application/App/demo_concentrator.o
                0x0000000008001dc4                CONC_StopBeacon
 .text.CONC_IsEnabled
                0x0000000008001e04       0x18 ./Application/App/demo_concentrator.o
                0x0000000008001e04                CONC_IsEnabled
 .text.CONC_SetModLora
                0x0000000008001e1c      0x1a8 ./Application/App/demo_concentrator.o
                0x0000000008001e1c                CONC_SetModLora
 .text.CONC_SetModFSK
                0x0000000008001fc4      0x1c0 ./Application/App/demo_concentrator.o
                0x0000000008001fc4                CONC_SetModFSK
 .text.LedsOff  0x0000000008002184       0x1c ./Application/App/demo_concentrator.o
 .text.LedsEffect
                0x00000000080021a0       0x70 ./Application/App/demo_concentrator.o
 .text.LedBlink
                0x0000000008002210       0x24 ./Application/App/demo_concentrator.o
 .text.SendBeacon
                0x0000000008002234      0x230 ./Application/App/demo_concentrator.o
 .text.SendSync
                0x0000000008002464      0x1b4 ./Application/App/demo_concentrator.o
 .text.Receive  0x0000000008002618      0x254 ./Application/App/demo_concentrator.o
 .text.EvaluateLastPeriod
                0x000000000800286c      0x1cc ./Application/App/demo_concentrator.o
 .text.FindEui  0x0000000008002a38       0x60 ./Application/App/demo_concentrator.o
 .text.AddCodingChanges
                0x0000000008002a98      0x148 ./Application/App/demo_concentrator.o
 .text.LPTIM1_IRQHandler
                0x0000000008002be0       0xb8 ./Application/App/demo_concentrator.o
                0x0000000008002be0                LPTIM1_IRQHandler
 .text.TxDone   0x0000000008002c98       0x54 ./Application/App/demo_concentrator.o
 .text.TxTimeout
                0x0000000008002cec        0xe ./Application/App/demo_concentrator.o
 *fill*         0x0000000008002cfa        0x2 
 .text.RxDone   0x0000000008002cfc      0x1a4 ./Application/App/demo_concentrator.o
 .text.RxTimeout
                0x0000000008002ea0        0xc ./Application/App/demo_concentrator.o
 .text.RxError  0x0000000008002eac        0xc ./Application/App/demo_concentrator.o
 .text.FhssChangeChannel
                0x0000000008002eb8       0x14 ./Application/App/demo_concentrator.o
 .text.CadDone  0x0000000008002ecc       0x14 ./Application/App/demo_concentrator.o
 .text.Prbs9Init
                0x0000000008002ee0       0x18 ./Application/App/demo_concentrator.o
 .text.Prbs9Next
                0x0000000008002ef8       0x50 ./Application/App/demo_concentrator.o
 .text.CONC_Report_LOST
                0x0000000008002f48       0x2c ./Application/App/demo_report.o
                0x0000000008002f48                CONC_Report_LOST
 .text.CONC_Report_MOD_OK
                0x0000000008002f74       0x2c ./Application/App/demo_report.o
                0x0000000008002f74                CONC_Report_MOD_OK
 .text.CheckAndUpdateLength
                0x0000000008002fa0       0x68 ./Application/App/demo_report.o
 .text.CONC_Report_RCV
                0x0000000008003008       0xf4 ./Application/App/demo_report.o
                0x0000000008003008                CONC_Report_RCV
 .text.Report_1_0_RCV
                0x00000000080030fc      0x108 ./Application/App/demo_report.o
 .text.Report_1_1_RCV
                0x0000000008003204      0x450 ./Application/App/demo_report.o
 .text.DEMO_WaitForFreeChannel
                0x0000000008003654       0xa4 ./Application/Common/demo_radio_utils.o
                0x0000000008003654                DEMO_WaitForFreeChannel
 .text.DEMO_GetShaping
                0x00000000080036f8       0x4c ./Application/Common/demo_radio_utils.o
                0x00000000080036f8                DEMO_GetShaping
 .text.DEMO_GetSpreadingFactor
                0x0000000008003744       0x1c ./Application/Common/demo_radio_utils.o
                0x0000000008003744                DEMO_GetSpreadingFactor
 .text.DEMO_GetBandwidth
                0x0000000008003760       0x74 ./Application/Common/demo_radio_utils.o
                0x0000000008003760                DEMO_GetBandwidth
 .text.DEMO_GetCoderate
                0x00000000080037d4       0x1c ./Application/Common/demo_radio_utils.o
                0x00000000080037d4                DEMO_GetCoderate
 .text.DEMO_ConvertFSKBandwidth
                0x00000000080037f0      0x14c ./Application/Common/demo_radio_utils.o
                0x00000000080037f0                DEMO_ConvertFSKBandwidth
 .text.DEMO_TimeOnAirLora
                0x000000000800393c       0xe4 ./Application/Common/demo_utils.o
                0x000000000800393c                DEMO_TimeOnAirLora
 .text.DEMO_TimeOnAirFsk
                0x0000000008003a20       0x3a ./Application/Common/demo_utils.o
                0x0000000008003a20                DEMO_TimeOnAirFsk
 .text.DEMO_MaxPayloadLora
                0x0000000008003a5a       0x4e ./Application/Common/demo_utils.o
                0x0000000008003a5a                DEMO_MaxPayloadLora
 .text.DEMO_MaxPayloadFsk
                0x0000000008003aa8       0x4e ./Application/Common/demo_utils.o
                0x0000000008003aa8                DEMO_MaxPayloadFsk
 .text.DEMO_DefaultCoding
                0x0000000008003af6       0xe4 ./Application/Common/demo_utils.o
                0x0000000008003af6                DEMO_DefaultCoding
 .text.DEMO_IsCodingDefault
                0x0000000008003bda       0xe6 ./Application/Common/demo_utils.o
                0x0000000008003bda                DEMO_IsCodingDefault
 .text.DEMO_BandwidthLora
                0x0000000008003cc0       0x50 ./Application/Common/demo_utils.o
                0x0000000008003cc0                DEMO_BandwidthLora
 .text.DEMO_BandwidthFsk
                0x0000000008003d10       0x7c ./Application/Common/demo_utils.o
                0x0000000008003d10                DEMO_BandwidthFsk
 .text.CheckLimits
                0x0000000008003d8c       0x30 ./Application/Common/demo_utils.o
 .text.DEMO_ValidateCodingHdr
                0x0000000008003dbc       0x56 ./Application/Common/demo_utils.o
                0x0000000008003dbc                DEMO_ValidateCodingHdr
 .text.DEMO_ValidateCodingLora
                0x0000000008003e12       0x82 ./Application/Common/demo_utils.o
                0x0000000008003e12                DEMO_ValidateCodingLora
 .text.DEMO_ValidateCodingFsk
                0x0000000008003e94       0xe0 ./Application/Common/demo_utils.o
                0x0000000008003e94                DEMO_ValidateCodingFsk
 .text.SYS_InitMeasurement
                0x0000000008003f74       0x1c ./Application/Core/adc_if.o
                0x0000000008003f74                SYS_InitMeasurement
 .text.LL_AHB1_GRP1_EnableClock
                0x0000000008003f90       0x30 ./Application/Core/dma.o
 .text.MX_DMA_Init
                0x0000000008003fc0       0x24 ./Application/Core/dma.o
                0x0000000008003fc0                MX_DMA_Init
 .text.main     0x0000000008003fe4       0x90 ./Application/Core/main.o
                0x0000000008003fe4                main
 .text.SystemClock_Config
                0x0000000008004074       0x8a ./Application/Core/main.o
                0x0000000008004074                SystemClock_Config
 .text.Error_Handler
                0x00000000080040fe        0x6 ./Application/Core/main.o
                0x00000000080040fe                Error_Handler
 .text.launch_CMD_task
                0x0000000008004104       0x10 ./Application/Core/main.o
 .text.LL_RCC_EnableRTC
                0x0000000008004114       0x20 ./Application/Core/rtc.o
 .text.LL_APB1_GRP1_EnableClock
                0x0000000008004134       0x30 ./Application/Core/rtc.o
 .text.MX_RTC_Init
                0x0000000008004164       0xa4 ./Application/Core/rtc.o
                0x0000000008004164                MX_RTC_Init
 .text.HAL_RTC_MspInit
                0x0000000008004208       0x78 ./Application/Core/rtc.o
                0x0000000008004208                HAL_RTC_MspInit
 .text.LL_PWR_ClearFlag_C1STOP_C1STB
                0x0000000008004280       0x18 ./Application/Core/stm32_lpm_if.o
 .text.PWR_EnterOffMode
                0x0000000008004298        0xc ./Application/Core/stm32_lpm_if.o
                0x0000000008004298                PWR_EnterOffMode
 .text.PWR_ExitOffMode
                0x00000000080042a4        0xc ./Application/Core/stm32_lpm_if.o
                0x00000000080042a4                PWR_ExitOffMode
 .text.PWR_EnterStopMode
                0x00000000080042b0       0x16 ./Application/Core/stm32_lpm_if.o
                0x00000000080042b0                PWR_EnterStopMode
 .text.PWR_ExitStopMode
                0x00000000080042c6       0x10 ./Application/Core/stm32_lpm_if.o
                0x00000000080042c6                PWR_ExitStopMode
 .text.PWR_EnterSleepMode
                0x00000000080042d6       0x14 ./Application/Core/stm32_lpm_if.o
                0x00000000080042d6                PWR_EnterSleepMode
 .text.PWR_ExitSleepMode
                0x00000000080042ea        0xc ./Application/Core/stm32_lpm_if.o
                0x00000000080042ea                PWR_ExitSleepMode
 .text.HAL_MspInit
                0x00000000080042f6        0xc ./Application/Core/stm32wlxx_hal_msp.o
                0x00000000080042f6                HAL_MspInit
 .text.NMI_Handler
                0x0000000008004302        0xc ./Application/Core/stm32wlxx_it.o
                0x0000000008004302                NMI_Handler
 .text.HardFault_Handler
                0x000000000800430e        0x6 ./Application/Core/stm32wlxx_it.o
                0x000000000800430e                HardFault_Handler
 .text.MemManage_Handler
                0x0000000008004314        0x6 ./Application/Core/stm32wlxx_it.o
                0x0000000008004314                MemManage_Handler
 .text.BusFault_Handler
                0x000000000800431a        0x6 ./Application/Core/stm32wlxx_it.o
                0x000000000800431a                BusFault_Handler
 .text.UsageFault_Handler
                0x0000000008004320        0x6 ./Application/Core/stm32wlxx_it.o
                0x0000000008004320                UsageFault_Handler
 .text.SVC_Handler
                0x0000000008004326        0xc ./Application/Core/stm32wlxx_it.o
                0x0000000008004326                SVC_Handler
 .text.DebugMon_Handler
                0x0000000008004332        0xc ./Application/Core/stm32wlxx_it.o
                0x0000000008004332                DebugMon_Handler
 .text.PendSV_Handler
                0x000000000800433e        0xc ./Application/Core/stm32wlxx_it.o
                0x000000000800433e                PendSV_Handler
 .text.SysTick_Handler
                0x000000000800434a        0xc ./Application/Core/stm32wlxx_it.o
                0x000000000800434a                SysTick_Handler
 *fill*         0x0000000008004356        0x2 
 .text.TAMP_STAMP_LSECSS_SSRU_IRQHandler
                0x0000000008004358       0x14 ./Application/Core/stm32wlxx_it.o
                0x0000000008004358                TAMP_STAMP_LSECSS_SSRU_IRQHandler
 .text.DMA1_Channel5_IRQHandler
                0x000000000800436c       0x14 ./Application/Core/stm32wlxx_it.o
                0x000000000800436c                DMA1_Channel5_IRQHandler
 .text.LPUART1_IRQHandler
                0x0000000008004380       0x14 ./Application/Core/stm32wlxx_it.o
                0x0000000008004380                LPUART1_IRQHandler
 .text.RTC_Alarm_IRQHandler
                0x0000000008004394       0x14 ./Application/Core/stm32wlxx_it.o
                0x0000000008004394                RTC_Alarm_IRQHandler
 .text.SUBGHZ_Radio_IRQHandler
                0x00000000080043a8       0x14 ./Application/Core/stm32wlxx_it.o
                0x00000000080043a8                SUBGHZ_Radio_IRQHandler
 .text.LL_APB3_GRP1_EnableClock
                0x00000000080043bc       0x30 ./Application/Core/subghz.o
 .text.MX_SUBGHZ_Init
                0x00000000080043ec       0x24 ./Application/Core/subghz.o
                0x00000000080043ec                MX_SUBGHZ_Init
 .text.HAL_SUBGHZ_MspInit
                0x0000000008004410       0x26 ./Application/Core/subghz.o
                0x0000000008004410                HAL_SUBGHZ_MspInit
 .text.LL_RCC_SetClkAfterWakeFromStop
                0x0000000008004436       0x26 ./Application/Core/sys_app.o
 .text.LL_AHB2_GRP1_EnableClock
                0x000000000800445c       0x30 ./Application/Core/sys_app.o
 .text.LL_AHB2_GRP1_DisableClock
                0x000000000800448c       0x24 ./Application/Core/sys_app.o
 .text.SystemApp_Init
                0x00000000080044b0       0x44 ./Application/Core/sys_app.o
                0x00000000080044b0                SystemApp_Init
 .text.UTIL_SEQ_Idle
                0x00000000080044f4        0xc ./Application/Core/sys_app.o
                0x00000000080044f4                UTIL_SEQ_Idle
 .text.TimestampNow
                0x0000000008004500       0x40 ./Application/Core/sys_app.o
 .text.Gpio_PreInit
                0x0000000008004540       0x98 ./Application/Core/sys_app.o
 .text.UTIL_ADV_TRACE_PreSendHook
                0x00000000080045d8       0x10 ./Application/Core/sys_app.o
                0x00000000080045d8                UTIL_ADV_TRACE_PreSendHook
 .text.UTIL_ADV_TRACE_PostSendHook
                0x00000000080045e8       0x10 ./Application/Core/sys_app.o
                0x00000000080045e8                UTIL_ADV_TRACE_PostSendHook
 .text.tiny_snprintf_like
                0x00000000080045f8       0x2c ./Application/Core/sys_app.o
 .text.HAL_InitTick
                0x0000000008004624       0x14 ./Application/Core/sys_app.o
                0x0000000008004624                HAL_InitTick
 .text.HAL_GetTick
                0x0000000008004638        0xe ./Application/Core/sys_app.o
                0x0000000008004638                HAL_GetTick
 .text.HAL_Delay
                0x0000000008004646       0x18 ./Application/Core/sys_app.o
                0x0000000008004646                HAL_Delay
 *fill*         0x000000000800465e        0x2 
 .text._sbrk    0x0000000008004660       0x6c ./Application/Core/sysmem.o
                0x0000000008004660                _sbrk
 .text.LL_RTC_TIME_GetSubSecond
                0x00000000080046cc       0x16 ./Application/Core/timer_if.o
 *fill*         0x00000000080046e2        0x2 
 .text.TIMER_IF_Init
                0x00000000080046e4       0x64 ./Application/Core/timer_if.o
                0x00000000080046e4                TIMER_IF_Init
 .text.TIMER_IF_StartTimer
                0x0000000008004748       0x70 ./Application/Core/timer_if.o
                0x0000000008004748                TIMER_IF_StartTimer
 .text.TIMER_IF_StopTimer
                0x00000000080047b8       0x34 ./Application/Core/timer_if.o
                0x00000000080047b8                TIMER_IF_StopTimer
 .text.TIMER_IF_SetTimerContext
                0x00000000080047ec       0x1c ./Application/Core/timer_if.o
                0x00000000080047ec                TIMER_IF_SetTimerContext
 .text.TIMER_IF_GetTimerContext
                0x0000000008004808       0x14 ./Application/Core/timer_if.o
                0x0000000008004808                TIMER_IF_GetTimerContext
 .text.TIMER_IF_GetTimerElapsedTime
                0x000000000800481c       0x18 ./Application/Core/timer_if.o
                0x000000000800481c                TIMER_IF_GetTimerElapsedTime
 .text.TIMER_IF_GetTimerValue
                0x0000000008004834       0x20 ./Application/Core/timer_if.o
                0x0000000008004834                TIMER_IF_GetTimerValue
 .text.TIMER_IF_GetMinimumTimeout
                0x0000000008004854        0xe ./Application/Core/timer_if.o
                0x0000000008004854                TIMER_IF_GetMinimumTimeout
 .text.TIMER_IF_Convert_ms2Tick
                0x0000000008004862       0x32 ./Application/Core/timer_if.o
                0x0000000008004862                TIMER_IF_Convert_ms2Tick
 .text.TIMER_IF_Convert_Tick2ms
                0x0000000008004894       0x8a ./Application/Core/timer_if.o
                0x0000000008004894                TIMER_IF_Convert_Tick2ms
 .text.TIMER_IF_DelayMs
                0x000000000800491e       0x34 ./Application/Core/timer_if.o
                0x000000000800491e                TIMER_IF_DelayMs
 .text.HAL_RTC_AlarmAEventCallback
                0x0000000008004952       0x14 ./Application/Core/timer_if.o
                0x0000000008004952                HAL_RTC_AlarmAEventCallback
 .text.HAL_RTCEx_SSRUEventCallback
                0x0000000008004966       0x20 ./Application/Core/timer_if.o
                0x0000000008004966                HAL_RTCEx_SSRUEventCallback
 .text.TIMER_IF_GetTime
                0x0000000008004986       0x8a ./Application/Core/timer_if.o
                0x0000000008004986                TIMER_IF_GetTime
 .text.TIMER_IF_BkUp_Write_Seconds
                0x0000000008004a10       0x20 ./Application/Core/timer_if.o
                0x0000000008004a10                TIMER_IF_BkUp_Write_Seconds
 .text.TIMER_IF_BkUp_Write_SubSeconds
                0x0000000008004a30       0x20 ./Application/Core/timer_if.o
                0x0000000008004a30                TIMER_IF_BkUp_Write_SubSeconds
 .text.TIMER_IF_BkUp_Read_Seconds
                0x0000000008004a50       0x18 ./Application/Core/timer_if.o
                0x0000000008004a50                TIMER_IF_BkUp_Read_Seconds
 .text.TIMER_IF_BkUp_Read_SubSeconds
                0x0000000008004a68       0x18 ./Application/Core/timer_if.o
                0x0000000008004a68                TIMER_IF_BkUp_Read_SubSeconds
 .text.TIMER_IF_BkUp_Write_MSBticks
                0x0000000008004a80       0x20 ./Application/Core/timer_if.o
 .text.TIMER_IF_BkUp_Read_MSBticks
                0x0000000008004aa0       0x20 ./Application/Core/timer_if.o
 .text.GetTimerTicks
                0x0000000008004ac0       0x18 ./Application/Core/timer_if.o
 .text.LL_AHB2_GRP1_EnableClock
                0x0000000008004ad8       0x30 ./Application/Core/usart.o
 .text.LL_APB1_GRP2_EnableClock
                0x0000000008004b08       0x30 ./Application/Core/usart.o
 .text.LL_APB1_GRP2_DisableClock
                0x0000000008004b38       0x24 ./Application/Core/usart.o
 .text.MX_LPUART1_UART_Init
                0x0000000008004b5c       0x9c ./Application/Core/usart.o
                0x0000000008004b5c                MX_LPUART1_UART_Init
 .text.HAL_UART_MspInit
                0x0000000008004bf8      0x104 ./Application/Core/usart.o
                0x0000000008004bf8                HAL_UART_MspInit
 .text.HAL_UART_MspDeInit
                0x0000000008004cfc       0x40 ./Application/Core/usart.o
                0x0000000008004cfc                HAL_UART_MspDeInit
 .text.LL_APB1_GRP2_ForceReset
                0x0000000008004d3c       0x22 ./Application/Core/usart_if.o
 .text.LL_APB1_GRP2_ReleaseReset
                0x0000000008004d5e       0x24 ./Application/Core/usart_if.o
 *fill*         0x0000000008004d82        0x2 
 .text.LL_EXTI_EnableIT_0_31
                0x0000000008004d84       0x28 ./Application/Core/usart_if.o
 .text.vcom_Init
                0x0000000008004dac       0x2c ./Application/Core/usart_if.o
                0x0000000008004dac                vcom_Init
 .text.vcom_DeInit
                0x0000000008004dd8       0x28 ./Application/Core/usart_if.o
                0x0000000008004dd8                vcom_DeInit
 .text.vcom_Trace_DMA
                0x0000000008004e00       0x28 ./Application/Core/usart_if.o
                0x0000000008004e00                vcom_Trace_DMA
 .text.vcom_ReceiveInit
                0x0000000008004e28       0x7c ./Application/Core/usart_if.o
                0x0000000008004e28                vcom_ReceiveInit
 .text.vcom_Resume
                0x0000000008004ea4       0x1c ./Application/Core/usart_if.o
                0x0000000008004ea4                vcom_Resume
 .text.HAL_UART_TxCpltCallback
                0x0000000008004ec0       0x1c ./Application/Core/usart_if.o
                0x0000000008004ec0                HAL_UART_TxCpltCallback
 .text.HAL_UART_RxCpltCallback
                0x0000000008004edc       0x40 ./Application/Core/usart_if.o
                0x0000000008004edc                HAL_UART_RxCpltCallback
 .text.Reset_Handler
                0x0000000008004f1c       0x50 ./Application/Startup/startup_stm32wl55xx_cm4.o
                0x0000000008004f1c                Reset_Handler
 .text.Default_Handler
                0x0000000008004f6c        0x2 ./Application/Startup/startup_stm32wl55xx_cm4.o
                0x0000000008004f6c                EXTI2_IRQHandler
                0x0000000008004f6c                TIM1_CC_IRQHandler
                0x0000000008004f6c                EXTI3_IRQHandler
                0x0000000008004f6c                LPTIM2_IRQHandler
                0x0000000008004f6c                I2C3_ER_IRQHandler
                0x0000000008004f6c                LPTIM3_IRQHandler
                0x0000000008004f6c                EXTI0_IRQHandler
                0x0000000008004f6c                I2C2_EV_IRQHandler
                0x0000000008004f6c                SPI1_IRQHandler
                0x0000000008004f6c                DMA2_Channel2_IRQHandler
                0x0000000008004f6c                DMA1_Channel4_IRQHandler
                0x0000000008004f6c                PKA_IRQHandler
                0x0000000008004f6c                TIM17_IRQHandler
                0x0000000008004f6c                DMA1_Channel7_IRQHandler
                0x0000000008004f6c                SUBGHZSPI_IRQHandler
                0x0000000008004f6c                IPCC_C1_TX_IRQHandler
                0x0000000008004f6c                DMA2_Channel1_IRQHandler
                0x0000000008004f6c                I2C1_EV_IRQHandler
                0x0000000008004f6c                DMAMUX1_OVR_IRQHandler
                0x0000000008004f6c                DMA1_Channel6_IRQHandler
                0x0000000008004f6c                TIM16_IRQHandler
                0x0000000008004f6c                DMA2_Channel4_IRQHandler
                0x0000000008004f6c                RCC_IRQHandler
                0x0000000008004f6c                TIM1_TRG_COM_IRQHandler
                0x0000000008004f6c                DMA1_Channel1_IRQHandler
                0x0000000008004f6c                Default_Handler
                0x0000000008004f6c                DMA2_Channel7_IRQHandler
                0x0000000008004f6c                EXTI15_10_IRQHandler
                0x0000000008004f6c                IPCC_C1_RX_IRQHandler
                0x0000000008004f6c                ADC_IRQHandler
                0x0000000008004f6c                C2SEV_PWR_C2H_IRQHandler
                0x0000000008004f6c                I2C3_EV_IRQHandler
                0x0000000008004f6c                EXTI9_5_IRQHandler
                0x0000000008004f6c                RTC_WKUP_IRQHandler
                0x0000000008004f6c                PVD_PVM_IRQHandler
                0x0000000008004f6c                SPI2_IRQHandler
                0x0000000008004f6c                DMA2_Channel5_IRQHandler
                0x0000000008004f6c                EXTI4_IRQHandler
                0x0000000008004f6c                RNG_IRQHandler
                0x0000000008004f6c                DMA1_Channel3_IRQHandler
                0x0000000008004f6c                COMP_IRQHandler
                0x0000000008004f6c                HSEM_IRQHandler
                0x0000000008004f6c                TIM1_UP_IRQHandler
                0x0000000008004f6c                WWDG_IRQHandler
                0x0000000008004f6c                DMA2_Channel6_IRQHandler
                0x0000000008004f6c                TIM2_IRQHandler
                0x0000000008004f6c                TIM1_BRK_IRQHandler
                0x0000000008004f6c                DAC_IRQHandler
                0x0000000008004f6c                EXTI1_IRQHandler
                0x0000000008004f6c                AES_IRQHandler
                0x0000000008004f6c                USART2_IRQHandler
                0x0000000008004f6c                I2C2_ER_IRQHandler
                0x0000000008004f6c                DMA1_Channel2_IRQHandler
                0x0000000008004f6c                FLASH_IRQHandler
                0x0000000008004f6c                USART1_IRQHandler
                0x0000000008004f6c                I2C1_ER_IRQHandler
                0x0000000008004f6c                DMA2_Channel3_IRQHandler
 .text.RBI_Init
                0x0000000008004f6e        0xe ./Application/Target/radio_board_if.o
                0x0000000008004f6e                RBI_Init
 .text.RBI_ConfigRFSwitch
                0x0000000008004f7c       0x1c ./Application/Target/radio_board_if.o
                0x0000000008004f7c                RBI_ConfigRFSwitch
 .text.RBI_GetTxConfig
                0x0000000008004f98        0xe ./Application/Target/radio_board_if.o
                0x0000000008004f98                RBI_GetTxConfig
 .text.RBI_GetWakeUpTime
                0x0000000008004fa6        0xe ./Application/Target/radio_board_if.o
                0x0000000008004fa6                RBI_GetWakeUpTime
 .text.RBI_IsTCXO
                0x0000000008004fb4        0xe ./Application/Target/radio_board_if.o
                0x0000000008004fb4                RBI_IsTCXO
 .text.RBI_IsDCDC
                0x0000000008004fc2        0xe ./Application/Target/radio_board_if.o
                0x0000000008004fc2                RBI_IsDCDC
 .text.SystemInit
                0x0000000008004fd0        0xc ./Drivers/CMSIS/system_stm32wlxx.o
                0x0000000008004fd0                SystemInit
 .text.SystemCoreClockUpdate
                0x0000000008004fdc      0x168 ./Drivers/CMSIS/system_stm32wlxx.o
                0x0000000008004fdc                SystemCoreClockUpdate
 .text.HAL_Init
                0x0000000008005144       0x40 ./Drivers/STM32WLxx_HAL_Driver/stm32wlxx_hal.o
                0x0000000008005144                HAL_Init
 .text.HAL_IncTick
                0x0000000008005184       0x24 ./Drivers/STM32WLxx_HAL_Driver/stm32wlxx_hal.o
                0x0000000008005184                HAL_IncTick
 .text.HAL_SuspendTick
                0x00000000080051a8       0x1c ./Drivers/STM32WLxx_HAL_Driver/stm32wlxx_hal.o
                0x00000000080051a8                HAL_SuspendTick
 .text.HAL_ResumeTick
                0x00000000080051c4       0x1c ./Drivers/STM32WLxx_HAL_Driver/stm32wlxx_hal.o
                0x00000000080051c4                HAL_ResumeTick
 .text.__NVIC_SetPriorityGrouping
                0x00000000080051e0       0x48 ./Drivers/STM32WLxx_HAL_Driver/stm32wlxx_hal_cortex.o
 .text.__NVIC_GetPriorityGrouping
                0x0000000008005228       0x1c ./Drivers/STM32WLxx_HAL_Driver/stm32wlxx_hal_cortex.o
 .text.__NVIC_EnableIRQ
                0x0000000008005244       0x38 ./Drivers/STM32WLxx_HAL_Driver/stm32wlxx_hal_cortex.o
 .text.__NVIC_DisableIRQ
                0x000000000800527c       0x48 ./Drivers/STM32WLxx_HAL_Driver/stm32wlxx_hal_cortex.o
 .text.__NVIC_SetPriority
                0x00000000080052c4       0x54 ./Drivers/STM32WLxx_HAL_Driver/stm32wlxx_hal_cortex.o
 .text.NVIC_EncodePriority
                0x0000000008005318       0x64 ./Drivers/STM32WLxx_HAL_Driver/stm32wlxx_hal_cortex.o
 .text.HAL_NVIC_SetPriorityGrouping
                0x000000000800537c       0x16 ./Drivers/STM32WLxx_HAL_Driver/stm32wlxx_hal_cortex.o
                0x000000000800537c                HAL_NVIC_SetPriorityGrouping
 .text.HAL_NVIC_SetPriority
                0x0000000008005392       0x34 ./Drivers/STM32WLxx_HAL_Driver/stm32wlxx_hal_cortex.o
                0x0000000008005392                HAL_NVIC_SetPriority
 .text.HAL_NVIC_EnableIRQ
                0x00000000080053c6       0x1c ./Drivers/STM32WLxx_HAL_Driver/stm32wlxx_hal_cortex.o
                0x00000000080053c6                HAL_NVIC_EnableIRQ
 .text.HAL_NVIC_DisableIRQ
                0x00000000080053e2       0x1c ./Drivers/STM32WLxx_HAL_Driver/stm32wlxx_hal_cortex.o
                0x00000000080053e2                HAL_NVIC_DisableIRQ
 *fill*         0x00000000080053fe        0x2 
 .text.HAL_DMA_Init
                0x0000000008005400      0x150 ./Drivers/STM32WLxx_HAL_Driver/stm32wlxx_hal_dma.o
                0x0000000008005400                HAL_DMA_Init
 .text.HAL_DMA_DeInit
                0x0000000008005550      0x12c ./Drivers/STM32WLxx_HAL_Driver/stm32wlxx_hal_dma.o
                0x0000000008005550                HAL_DMA_DeInit
 .text.HAL_DMA_Start_IT
                0x000000000800567c       0xfc ./Drivers/STM32WLxx_HAL_Driver/stm32wlxx_hal_dma.o
                0x000000000800567c                HAL_DMA_Start_IT
 .text.HAL_DMA_Abort
                0x0000000008005778       0xbc ./Drivers/STM32WLxx_HAL_Driver/stm32wlxx_hal_dma.o
                0x0000000008005778                HAL_DMA_Abort
 .text.HAL_DMA_Abort_IT
                0x0000000008005834       0xbe ./Drivers/STM32WLxx_HAL_Driver/stm32wlxx_hal_dma.o
                0x0000000008005834                HAL_DMA_Abort_IT
 *fill*         0x00000000080058f2        0x2 
 .text.HAL_DMA_IRQHandler
                0x00000000080058f4      0x18c ./Drivers/STM32WLxx_HAL_Driver/stm32wlxx_hal_dma.o
                0x00000000080058f4                HAL_DMA_IRQHandler
 .text.HAL_DMA_ConfigChannelAttributes
                0x0000000008005a80       0x5e ./Drivers/STM32WLxx_HAL_Driver/stm32wlxx_hal_dma.o
                0x0000000008005a80                HAL_DMA_ConfigChannelAttributes
 .text.DMA_SetConfig
                0x0000000008005ade       0x7a ./Drivers/STM32WLxx_HAL_Driver/stm32wlxx_hal_dma.o
 .text.DMA_CalcDMAMUXChannelBaseAndMask
                0x0000000008005b58       0x90 ./Drivers/STM32WLxx_HAL_Driver/stm32wlxx_hal_dma.o
 .text.DMA_CalcDMAMUXRequestGenBaseAndMask
                0x0000000008005be8       0x48 ./Drivers/STM32WLxx_HAL_Driver/stm32wlxx_hal_dma.o
 .text.HAL_GPIO_Init
                0x0000000008005c30      0x2c0 ./Drivers/STM32WLxx_HAL_Driver/stm32wlxx_hal_gpio.o
                0x0000000008005c30                HAL_GPIO_Init
 .text.HAL_GPIO_DeInit
                0x0000000008005ef0      0x19c ./Drivers/STM32WLxx_HAL_Driver/stm32wlxx_hal_gpio.o
                0x0000000008005ef0                HAL_GPIO_DeInit
 .text.HAL_GPIO_ReadPin
                0x000000000800608c       0x2e ./Drivers/STM32WLxx_HAL_Driver/stm32wlxx_hal_gpio.o
                0x000000000800608c                HAL_GPIO_ReadPin
 .text.HAL_GPIO_WritePin
                0x00000000080060ba       0x2e ./Drivers/STM32WLxx_HAL_Driver/stm32wlxx_hal_gpio.o
                0x00000000080060ba                HAL_GPIO_WritePin
 .text.HAL_PWR_EnableBkUpAccess
                0x00000000080060e8       0x1c ./Drivers/STM32WLxx_HAL_Driver/stm32wlxx_hal_pwr.o
                0x00000000080060e8                HAL_PWR_EnableBkUpAccess
 .text.HAL_PWR_EnterSLEEPMode
                0x0000000008006104       0x68 ./Drivers/STM32WLxx_HAL_Driver/stm32wlxx_hal_pwr.o
                0x0000000008006104                HAL_PWR_EnterSLEEPMode
 .text.HAL_PWREx_GetVoltageRange
                0x000000000800616c       0x18 ./Drivers/STM32WLxx_HAL_Driver/stm32wlxx_hal_pwr_ex.o
                0x000000000800616c                HAL_PWREx_GetVoltageRange
 .text.HAL_PWREx_EnableLowPowerRunMode
                0x0000000008006184       0x1c ./Drivers/STM32WLxx_HAL_Driver/stm32wlxx_hal_pwr_ex.o
                0x0000000008006184                HAL_PWREx_EnableLowPowerRunMode
 .text.HAL_PWREx_DisableLowPowerRunMode
                0x00000000080061a0       0x6c ./Drivers/STM32WLxx_HAL_Driver/stm32wlxx_hal_pwr_ex.o
                0x00000000080061a0                HAL_PWREx_DisableLowPowerRunMode
 .text.HAL_PWREx_EnterSTOP2Mode
                0x000000000800620c       0x54 ./Drivers/STM32WLxx_HAL_Driver/stm32wlxx_hal_pwr_ex.o
                0x000000000800620c                HAL_PWREx_EnterSTOP2Mode
 .text.LL_PWR_IsEnabledBkUpAccess
                0x0000000008006260       0x24 ./Drivers/STM32WLxx_HAL_Driver/stm32wlxx_hal_rcc.o
 .text.LL_RCC_HSE_EnableTcxo
                0x0000000008006284       0x1c ./Drivers/STM32WLxx_HAL_Driver/stm32wlxx_hal_rcc.o
 .text.LL_RCC_HSE_DisableTcxo
                0x00000000080062a0       0x1c ./Drivers/STM32WLxx_HAL_Driver/stm32wlxx_hal_rcc.o
 .text.LL_RCC_HSE_IsEnabledDiv2
                0x00000000080062bc       0x22 ./Drivers/STM32WLxx_HAL_Driver/stm32wlxx_hal_rcc.o
 .text.LL_RCC_HSE_Enable
                0x00000000080062de       0x1c ./Drivers/STM32WLxx_HAL_Driver/stm32wlxx_hal_rcc.o
 .text.LL_RCC_HSE_Disable
                0x00000000080062fa       0x1c ./Drivers/STM32WLxx_HAL_Driver/stm32wlxx_hal_rcc.o
 .text.LL_RCC_HSE_IsReady
                0x0000000008006316       0x22 ./Drivers/STM32WLxx_HAL_Driver/stm32wlxx_hal_rcc.o
 .text.LL_RCC_HSI_Enable
                0x0000000008006338       0x1c ./Drivers/STM32WLxx_HAL_Driver/stm32wlxx_hal_rcc.o
 .text.LL_RCC_HSI_Disable
                0x0000000008006354       0x1c ./Drivers/STM32WLxx_HAL_Driver/stm32wlxx_hal_rcc.o
 .text.LL_RCC_HSI_IsReady
                0x0000000008006370       0x22 ./Drivers/STM32WLxx_HAL_Driver/stm32wlxx_hal_rcc.o
 .text.LL_RCC_HSI_SetCalibTrimming
                0x0000000008006392       0x28 ./Drivers/STM32WLxx_HAL_Driver/stm32wlxx_hal_rcc.o
 .text.LL_RCC_LSE_IsReady
                0x00000000080063ba       0x22 ./Drivers/STM32WLxx_HAL_Driver/stm32wlxx_hal_rcc.o
 .text.LL_RCC_LSI_Enable
                0x00000000080063dc       0x20 ./Drivers/STM32WLxx_HAL_Driver/stm32wlxx_hal_rcc.o
 .text.LL_RCC_LSI_Disable
                0x00000000080063fc       0x20 ./Drivers/STM32WLxx_HAL_Driver/stm32wlxx_hal_rcc.o
 .text.LL_RCC_LSI_IsReady
                0x000000000800641c       0x22 ./Drivers/STM32WLxx_HAL_Driver/stm32wlxx_hal_rcc.o
 .text.LL_RCC_MSI_Enable
                0x000000000800643e       0x1c ./Drivers/STM32WLxx_HAL_Driver/stm32wlxx_hal_rcc.o
 .text.LL_RCC_MSI_Disable
                0x000000000800645a       0x1c ./Drivers/STM32WLxx_HAL_Driver/stm32wlxx_hal_rcc.o
 .text.LL_RCC_MSI_IsReady
                0x0000000008006476       0x20 ./Drivers/STM32WLxx_HAL_Driver/stm32wlxx_hal_rcc.o
 .text.LL_RCC_MSI_IsEnabledRangeSelect
                0x0000000008006496       0x20 ./Drivers/STM32WLxx_HAL_Driver/stm32wlxx_hal_rcc.o
 .text.LL_RCC_MSI_GetRange
                0x00000000080064b6       0x16 ./Drivers/STM32WLxx_HAL_Driver/stm32wlxx_hal_rcc.o
 .text.LL_RCC_MSI_GetRangeAfterStandby
                0x00000000080064cc       0x18 ./Drivers/STM32WLxx_HAL_Driver/stm32wlxx_hal_rcc.o
 .text.LL_RCC_MSI_SetCalibTrimming
                0x00000000080064e4       0x28 ./Drivers/STM32WLxx_HAL_Driver/stm32wlxx_hal_rcc.o
 .text.LL_RCC_SetSysClkSource
                0x000000000800650c       0x26 ./Drivers/STM32WLxx_HAL_Driver/stm32wlxx_hal_rcc.o
 .text.LL_RCC_GetSysClkSource
                0x0000000008006532       0x16 ./Drivers/STM32WLxx_HAL_Driver/stm32wlxx_hal_rcc.o
 .text.LL_RCC_SetAHBPrescaler
                0x0000000008006548       0x26 ./Drivers/STM32WLxx_HAL_Driver/stm32wlxx_hal_rcc.o
 .text.LL_C2_RCC_SetAHBPrescaler
                0x000000000800656e       0x2a ./Drivers/STM32WLxx_HAL_Driver/stm32wlxx_hal_rcc.o
 .text.LL_RCC_SetAHB3Prescaler
                0x0000000008006598       0x2c ./Drivers/STM32WLxx_HAL_Driver/stm32wlxx_hal_rcc.o
 .text.LL_RCC_SetAPB1Prescaler
                0x00000000080065c4       0x26 ./Drivers/STM32WLxx_HAL_Driver/stm32wlxx_hal_rcc.o
 .text.LL_RCC_SetAPB2Prescaler
                0x00000000080065ea       0x26 ./Drivers/STM32WLxx_HAL_Driver/stm32wlxx_hal_rcc.o
 .text.LL_RCC_GetAHBPrescaler
                0x0000000008006610       0x16 ./Drivers/STM32WLxx_HAL_Driver/stm32wlxx_hal_rcc.o
 .text.LL_RCC_GetAHB3Prescaler
                0x0000000008006626       0x1a ./Drivers/STM32WLxx_HAL_Driver/stm32wlxx_hal_rcc.o
 .text.LL_RCC_GetAPB1Prescaler
                0x0000000008006640       0x16 ./Drivers/STM32WLxx_HAL_Driver/stm32wlxx_hal_rcc.o
 .text.LL_RCC_GetAPB2Prescaler
                0x0000000008006656       0x16 ./Drivers/STM32WLxx_HAL_Driver/stm32wlxx_hal_rcc.o
 .text.LL_RCC_PLL_Enable
                0x000000000800666c       0x1c ./Drivers/STM32WLxx_HAL_Driver/stm32wlxx_hal_rcc.o
 .text.LL_RCC_PLL_Disable
                0x0000000008006688       0x1c ./Drivers/STM32WLxx_HAL_Driver/stm32wlxx_hal_rcc.o
 .text.LL_RCC_PLL_IsReady
                0x00000000080066a4       0x22 ./Drivers/STM32WLxx_HAL_Driver/stm32wlxx_hal_rcc.o
 .text.LL_RCC_PLL_GetN
                0x00000000080066c6       0x18 ./Drivers/STM32WLxx_HAL_Driver/stm32wlxx_hal_rcc.o
 .text.LL_RCC_PLL_GetR
                0x00000000080066de       0x16 ./Drivers/STM32WLxx_HAL_Driver/stm32wlxx_hal_rcc.o
 .text.LL_RCC_PLL_GetDivider
                0x00000000080066f4       0x16 ./Drivers/STM32WLxx_HAL_Driver/stm32wlxx_hal_rcc.o
 .text.LL_RCC_PLL_GetMainSource
                0x000000000800670a       0x16 ./Drivers/STM32WLxx_HAL_Driver/stm32wlxx_hal_rcc.o
 .text.LL_RCC_IsActiveFlag_HPRE
                0x0000000008006720       0x22 ./Drivers/STM32WLxx_HAL_Driver/stm32wlxx_hal_rcc.o
 .text.LL_RCC_IsActiveFlag_C2HPRE
                0x0000000008006742       0x24 ./Drivers/STM32WLxx_HAL_Driver/stm32wlxx_hal_rcc.o
 .text.LL_RCC_IsActiveFlag_SHDHPRE
                0x0000000008006766       0x24 ./Drivers/STM32WLxx_HAL_Driver/stm32wlxx_hal_rcc.o
 .text.LL_RCC_IsActiveFlag_PPRE1
                0x000000000800678a       0x22 ./Drivers/STM32WLxx_HAL_Driver/stm32wlxx_hal_rcc.o
 .text.LL_RCC_IsActiveFlag_PPRE2
                0x00000000080067ac       0x22 ./Drivers/STM32WLxx_HAL_Driver/stm32wlxx_hal_rcc.o
 *fill*         0x00000000080067ce        0x2 
 .text.HAL_RCC_OscConfig
                0x00000000080067d0      0x738 ./Drivers/STM32WLxx_HAL_Driver/stm32wlxx_hal_rcc.o
                0x00000000080067d0                HAL_RCC_OscConfig
 .text.HAL_RCC_ClockConfig
                0x0000000008006f08      0x284 ./Drivers/STM32WLxx_HAL_Driver/stm32wlxx_hal_rcc.o
                0x0000000008006f08                HAL_RCC_ClockConfig
 .text.HAL_RCC_GetSysClockFreq
                0x000000000800718c      0x140 ./Drivers/STM32WLxx_HAL_Driver/stm32wlxx_hal_rcc.o
                0x000000000800718c                HAL_RCC_GetSysClockFreq
 .text.HAL_RCC_GetHCLKFreq
                0x00000000080072cc       0x28 ./Drivers/STM32WLxx_HAL_Driver/stm32wlxx_hal_rcc.o
                0x00000000080072cc                HAL_RCC_GetHCLKFreq
 .text.HAL_RCC_GetPCLK1Freq
                0x00000000080072f4       0x24 ./Drivers/STM32WLxx_HAL_Driver/stm32wlxx_hal_rcc.o
                0x00000000080072f4                HAL_RCC_GetPCLK1Freq
 .text.HAL_RCC_GetPCLK2Freq
                0x0000000008007318       0x24 ./Drivers/STM32WLxx_HAL_Driver/stm32wlxx_hal_rcc.o
                0x0000000008007318                HAL_RCC_GetPCLK2Freq
 .text.RCC_SetFlashLatencyFromMSIRange
                0x000000000800733c       0x60 ./Drivers/STM32WLxx_HAL_Driver/stm32wlxx_hal_rcc.o
 .text.RCC_SetFlashLatency
                0x000000000800739c      0x104 ./Drivers/STM32WLxx_HAL_Driver/stm32wlxx_hal_rcc.o
 .text.LL_RCC_LSE_IsReady
                0x00000000080074a0       0x22 ./Drivers/STM32WLxx_HAL_Driver/stm32wlxx_hal_rcc_ex.o
 .text.LL_RCC_SetUSARTClockSource
                0x00000000080074c2       0x30 ./Drivers/STM32WLxx_HAL_Driver/stm32wlxx_hal_rcc_ex.o
 .text.LL_RCC_SetI2SClockSource
                0x00000000080074f2       0x2a ./Drivers/STM32WLxx_HAL_Driver/stm32wlxx_hal_rcc_ex.o
 .text.LL_RCC_SetLPUARTClockSource
                0x000000000800751c       0x2a ./Drivers/STM32WLxx_HAL_Driver/stm32wlxx_hal_rcc_ex.o
 .text.LL_RCC_SetI2CClockSource
                0x0000000008007546       0x38 ./Drivers/STM32WLxx_HAL_Driver/stm32wlxx_hal_rcc_ex.o
 .text.LL_RCC_SetLPTIMClockSource
                0x000000000800757e       0x32 ./Drivers/STM32WLxx_HAL_Driver/stm32wlxx_hal_rcc_ex.o
 .text.LL_RCC_SetRNGClockSource
                0x00000000080075b0       0x2a ./Drivers/STM32WLxx_HAL_Driver/stm32wlxx_hal_rcc_ex.o
 .text.LL_RCC_SetADCClockSource
                0x00000000080075da       0x2a ./Drivers/STM32WLxx_HAL_Driver/stm32wlxx_hal_rcc_ex.o
 .text.LL_RCC_SetRTCClockSource
                0x0000000008007604       0x2a ./Drivers/STM32WLxx_HAL_Driver/stm32wlxx_hal_rcc_ex.o
 .text.LL_RCC_GetRTCClockSource
                0x000000000800762e       0x18 ./Drivers/STM32WLxx_HAL_Driver/stm32wlxx_hal_rcc_ex.o
 .text.LL_RCC_ForceBackupDomainReset
                0x0000000008007646       0x20 ./Drivers/STM32WLxx_HAL_Driver/stm32wlxx_hal_rcc_ex.o
 .text.LL_RCC_ReleaseBackupDomainReset
                0x0000000008007666       0x20 ./Drivers/STM32WLxx_HAL_Driver/stm32wlxx_hal_rcc_ex.o
 *fill*         0x0000000008007686        0x2 
 .text.HAL_RCCEx_PeriphCLKConfig
                0x0000000008007688      0x234 ./Drivers/STM32WLxx_HAL_Driver/stm32wlxx_hal_rcc_ex.o
                0x0000000008007688                HAL_RCCEx_PeriphCLKConfig
 .text.HAL_RTC_Init
                0x00000000080078bc       0xf4 ./Drivers/STM32WLxx_HAL_Driver/stm32wlxx_hal_rtc.o
                0x00000000080078bc                HAL_RTC_Init
 .text.HAL_RTC_SetAlarm_IT
                0x00000000080079b0      0x1fc ./Drivers/STM32WLxx_HAL_Driver/stm32wlxx_hal_rtc.o
                0x00000000080079b0                HAL_RTC_SetAlarm_IT
 .text.HAL_RTC_DeactivateAlarm
                0x0000000008007bac       0xac ./Drivers/STM32WLxx_HAL_Driver/stm32wlxx_hal_rtc.o
                0x0000000008007bac                HAL_RTC_DeactivateAlarm
 .text.HAL_RTC_AlarmIRQHandler
                0x0000000008007c58       0x54 ./Drivers/STM32WLxx_HAL_Driver/stm32wlxx_hal_rtc.o
                0x0000000008007c58                HAL_RTC_AlarmIRQHandler
 .text.HAL_RTC_WaitForSynchro
                0x0000000008007cac       0x4c ./Drivers/STM32WLxx_HAL_Driver/stm32wlxx_hal_rtc.o
                0x0000000008007cac                HAL_RTC_WaitForSynchro
 .text.RTC_EnterInitMode
                0x0000000008007cf8       0x68 ./Drivers/STM32WLxx_HAL_Driver/stm32wlxx_hal_rtc.o
                0x0000000008007cf8                RTC_EnterInitMode
 .text.RTC_ExitInitMode
                0x0000000008007d60       0x7c ./Drivers/STM32WLxx_HAL_Driver/stm32wlxx_hal_rtc.o
                0x0000000008007d60                RTC_ExitInitMode
 .text.RTC_ByteToBcd2
                0x0000000008007ddc       0x3e ./Drivers/STM32WLxx_HAL_Driver/stm32wlxx_hal_rtc.o
                0x0000000008007ddc                RTC_ByteToBcd2
 *fill*         0x0000000008007e1a        0x2 
 .text.HAL_RTCEx_EnableBypassShadow
                0x0000000008007e1c       0x64 ./Drivers/STM32WLxx_HAL_Driver/stm32wlxx_hal_rtc_ex.o
                0x0000000008007e1c                HAL_RTCEx_EnableBypassShadow
 .text.HAL_RTCEx_SetSSRU_IT
                0x0000000008007e80       0x78 ./Drivers/STM32WLxx_HAL_Driver/stm32wlxx_hal_rtc_ex.o
                0x0000000008007e80                HAL_RTCEx_SetSSRU_IT
 .text.HAL_RTCEx_SSRUIRQHandler
                0x0000000008007ef8       0x34 ./Drivers/STM32WLxx_HAL_Driver/stm32wlxx_hal_rtc_ex.o
                0x0000000008007ef8                HAL_RTCEx_SSRUIRQHandler
 .text.HAL_RTCEx_AlarmBEventCallback
                0x0000000008007f2c       0x12 ./Drivers/STM32WLxx_HAL_Driver/stm32wlxx_hal_rtc_ex.o
                0x0000000008007f2c                HAL_RTCEx_AlarmBEventCallback
 *fill*         0x0000000008007f3e        0x2 
 .text.HAL_RTCEx_BKUPWrite
                0x0000000008007f40       0x30 ./Drivers/STM32WLxx_HAL_Driver/stm32wlxx_hal_rtc_ex.o
                0x0000000008007f40                HAL_RTCEx_BKUPWrite
 .text.HAL_RTCEx_BKUPRead
                0x0000000008007f70       0x2c ./Drivers/STM32WLxx_HAL_Driver/stm32wlxx_hal_rtc_ex.o
                0x0000000008007f70                HAL_RTCEx_BKUPRead
 .text.LL_PWR_SetRadioBusyTrigger
                0x0000000008007f9c       0x28 ./Drivers/STM32WLxx_HAL_Driver/stm32wlxx_hal_subghz.o
 .text.LL_PWR_UnselectSUBGHZSPI_NSS
                0x0000000008007fc4       0x20 ./Drivers/STM32WLxx_HAL_Driver/stm32wlxx_hal_subghz.o
 .text.LL_PWR_SelectSUBGHZSPI_NSS
                0x0000000008007fe4       0x20 ./Drivers/STM32WLxx_HAL_Driver/stm32wlxx_hal_subghz.o
 .text.LL_PWR_ClearFlag_RFBUSY
                0x0000000008008004       0x18 ./Drivers/STM32WLxx_HAL_Driver/stm32wlxx_hal_subghz.o
 .text.LL_PWR_IsActiveFlag_RFBUSYS
                0x000000000800801c       0x24 ./Drivers/STM32WLxx_HAL_Driver/stm32wlxx_hal_subghz.o
 .text.LL_PWR_IsActiveFlag_RFBUSYMS
                0x0000000008008040       0x24 ./Drivers/STM32WLxx_HAL_Driver/stm32wlxx_hal_subghz.o
 .text.LL_RCC_RF_DisableReset
                0x0000000008008064       0x20 ./Drivers/STM32WLxx_HAL_Driver/stm32wlxx_hal_subghz.o
 .text.LL_RCC_IsRFUnderReset
                0x0000000008008084       0x24 ./Drivers/STM32WLxx_HAL_Driver/stm32wlxx_hal_subghz.o
 .text.LL_EXTI_EnableIT_32_63
                0x00000000080080a8       0x28 ./Drivers/STM32WLxx_HAL_Driver/stm32wlxx_hal_subghz.o
 .text.HAL_SUBGHZ_Init
                0x00000000080080d0       0xbc ./Drivers/STM32WLxx_HAL_Driver/stm32wlxx_hal_subghz.o
                0x00000000080080d0                HAL_SUBGHZ_Init
 .text.HAL_SUBGHZ_WriteRegisters
                0x000000000800818c       0xbe ./Drivers/STM32WLxx_HAL_Driver/stm32wlxx_hal_subghz.o
                0x000000000800818c                HAL_SUBGHZ_WriteRegisters
 .text.HAL_SUBGHZ_ReadRegisters
                0x000000000800824a       0xc2 ./Drivers/STM32WLxx_HAL_Driver/stm32wlxx_hal_subghz.o
                0x000000000800824a                HAL_SUBGHZ_ReadRegisters
 .text.HAL_SUBGHZ_ExecSetCmd
                0x000000000800830c       0xbe ./Drivers/STM32WLxx_HAL_Driver/stm32wlxx_hal_subghz.o
                0x000000000800830c                HAL_SUBGHZ_ExecSetCmd
 .text.HAL_SUBGHZ_ExecGetCmd
                0x00000000080083ca       0xa8 ./Drivers/STM32WLxx_HAL_Driver/stm32wlxx_hal_subghz.o
                0x00000000080083ca                HAL_SUBGHZ_ExecGetCmd
 .text.HAL_SUBGHZ_WriteBuffer
                0x0000000008008472       0xa6 ./Drivers/STM32WLxx_HAL_Driver/stm32wlxx_hal_subghz.o
                0x0000000008008472                HAL_SUBGHZ_WriteBuffer
 .text.HAL_SUBGHZ_ReadBuffer
                0x0000000008008518       0xb0 ./Drivers/STM32WLxx_HAL_Driver/stm32wlxx_hal_subghz.o
                0x0000000008008518                HAL_SUBGHZ_ReadBuffer
 .text.HAL_SUBGHZ_IRQHandler
                0x00000000080085c8       0xfc ./Drivers/STM32WLxx_HAL_Driver/stm32wlxx_hal_subghz.o
                0x00000000080085c8                HAL_SUBGHZ_IRQHandler
 .text.SUBGHZSPI_Init
                0x00000000080086c4       0x40 ./Drivers/STM32WLxx_HAL_Driver/stm32wlxx_hal_subghz.o
                0x00000000080086c4                SUBGHZSPI_Init
 .text.SUBGHZSPI_Transmit
                0x0000000008008704       0xac ./Drivers/STM32WLxx_HAL_Driver/stm32wlxx_hal_subghz.o
                0x0000000008008704                SUBGHZSPI_Transmit
 .text.SUBGHZSPI_Receive
                0x00000000080087b0       0xb0 ./Drivers/STM32WLxx_HAL_Driver/stm32wlxx_hal_subghz.o
                0x00000000080087b0                SUBGHZSPI_Receive
 .text.SUBGHZ_CheckDeviceReady
                0x0000000008008860       0x2e ./Drivers/STM32WLxx_HAL_Driver/stm32wlxx_hal_subghz.o
                0x0000000008008860                SUBGHZ_CheckDeviceReady
 *fill*         0x000000000800888e        0x2 
 .text.SUBGHZ_WaitOnBusy
                0x0000000008008890       0x5c ./Drivers/STM32WLxx_HAL_Driver/stm32wlxx_hal_subghz.o
                0x0000000008008890                SUBGHZ_WaitOnBusy
 .text.LL_RCC_GetUSARTClockSource
                0x00000000080088ec       0x24 ./Drivers/STM32WLxx_HAL_Driver/stm32wlxx_hal_uart.o
 .text.LL_RCC_GetLPUARTClockSource
                0x0000000008008910       0x1e ./Drivers/STM32WLxx_HAL_Driver/stm32wlxx_hal_uart.o
 .text.HAL_UART_Init
                0x000000000800892e       0xa0 ./Drivers/STM32WLxx_HAL_Driver/stm32wlxx_hal_uart.o
                0x000000000800892e                HAL_UART_Init
 .text.HAL_UART_Receive_IT
                0x00000000080089ce       0x5e ./Drivers/STM32WLxx_HAL_Driver/stm32wlxx_hal_uart.o
                0x00000000080089ce                HAL_UART_Receive_IT
 .text.HAL_UART_Transmit_DMA
                0x0000000008008a2c      0x100 ./Drivers/STM32WLxx_HAL_Driver/stm32wlxx_hal_uart.o
                0x0000000008008a2c                HAL_UART_Transmit_DMA
 .text.HAL_UART_IRQHandler
                0x0000000008008b2c      0x468 ./Drivers/STM32WLxx_HAL_Driver/stm32wlxx_hal_uart.o
                0x0000000008008b2c                HAL_UART_IRQHandler
 .text.HAL_UART_TxHalfCpltCallback
                0x0000000008008f94       0x12 ./Drivers/STM32WLxx_HAL_Driver/stm32wlxx_hal_uart.o
                0x0000000008008f94                HAL_UART_TxHalfCpltCallback
 .text.HAL_UART_ErrorCallback
                0x0000000008008fa6       0x12 ./Drivers/STM32WLxx_HAL_Driver/stm32wlxx_hal_uart.o
                0x0000000008008fa6                HAL_UART_ErrorCallback
 .text.HAL_UARTEx_RxEventCallback
                0x0000000008008fb8       0x16 ./Drivers/STM32WLxx_HAL_Driver/stm32wlxx_hal_uart.o
                0x0000000008008fb8                HAL_UARTEx_RxEventCallback
 *fill*         0x0000000008008fce        0x2 
 .text.UART_SetConfig
                0x0000000008008fd0      0x4e8 ./Drivers/STM32WLxx_HAL_Driver/stm32wlxx_hal_uart.o
                0x0000000008008fd0                UART_SetConfig
 .text.UART_AdvFeatureConfig
                0x00000000080094b8      0x142 ./Drivers/STM32WLxx_HAL_Driver/stm32wlxx_hal_uart.o
                0x00000000080094b8                UART_AdvFeatureConfig
 .text.UART_CheckIdleState
                0x00000000080095fa       0x96 ./Drivers/STM32WLxx_HAL_Driver/stm32wlxx_hal_uart.o
                0x00000000080095fa                UART_CheckIdleState
 .text.UART_WaitOnFlagUntilTimeout
                0x0000000008009690      0x100 ./Drivers/STM32WLxx_HAL_Driver/stm32wlxx_hal_uart.o
                0x0000000008009690                UART_WaitOnFlagUntilTimeout
 .text.UART_Start_Receive_IT
                0x0000000008009790      0x178 ./Drivers/STM32WLxx_HAL_Driver/stm32wlxx_hal_uart.o
                0x0000000008009790                UART_Start_Receive_IT
 .text.UART_EndTxTransfer
                0x0000000008009908       0x3a ./Drivers/STM32WLxx_HAL_Driver/stm32wlxx_hal_uart.o
 .text.UART_EndRxTransfer
                0x0000000008009942       0x62 ./Drivers/STM32WLxx_HAL_Driver/stm32wlxx_hal_uart.o
 .text.UART_DMATransmitCplt
                0x00000000080099a4       0x54 ./Drivers/STM32WLxx_HAL_Driver/stm32wlxx_hal_uart.o
 .text.UART_DMATxHalfCplt
                0x00000000080099f8       0x1c ./Drivers/STM32WLxx_HAL_Driver/stm32wlxx_hal_uart.o
 .text.UART_DMAError
                0x0000000008009a14       0x80 ./Drivers/STM32WLxx_HAL_Driver/stm32wlxx_hal_uart.o
 .text.UART_DMAAbortOnError
                0x0000000008009a94       0x2c ./Drivers/STM32WLxx_HAL_Driver/stm32wlxx_hal_uart.o
 .text.UART_EndTransmit_IT
                0x0000000008009ac0       0x34 ./Drivers/STM32WLxx_HAL_Driver/stm32wlxx_hal_uart.o
 .text.UART_RxISR_8BIT
                0x0000000008009af4       0xd8 ./Drivers/STM32WLxx_HAL_Driver/stm32wlxx_hal_uart.o
 .text.UART_RxISR_16BIT
                0x0000000008009bcc       0xd8 ./Drivers/STM32WLxx_HAL_Driver/stm32wlxx_hal_uart.o
 .text.UART_RxISR_8BIT_FIFOEN
                0x0000000008009ca4      0x204 ./Drivers/STM32WLxx_HAL_Driver/stm32wlxx_hal_uart.o
 .text.UART_RxISR_16BIT_FIFOEN
                0x0000000008009ea8      0x204 ./Drivers/STM32WLxx_HAL_Driver/stm32wlxx_hal_uart.o
 .text.HAL_UARTEx_WakeupCallback
                0x000000000800a0ac       0x12 ./Drivers/STM32WLxx_HAL_Driver/stm32wlxx_hal_uart_ex.o
                0x000000000800a0ac                HAL_UARTEx_WakeupCallback
 .text.HAL_UARTEx_RxFifoFullCallback
                0x000000000800a0be       0x12 ./Drivers/STM32WLxx_HAL_Driver/stm32wlxx_hal_uart_ex.o
                0x000000000800a0be                HAL_UARTEx_RxFifoFullCallback
 .text.HAL_UARTEx_TxFifoEmptyCallback
                0x000000000800a0d0       0x12 ./Drivers/STM32WLxx_HAL_Driver/stm32wlxx_hal_uart_ex.o
                0x000000000800a0d0                HAL_UARTEx_TxFifoEmptyCallback
 .text.HAL_UARTEx_StopModeWakeUpSourceConfig
                0x000000000800a0e2       0xb6 ./Drivers/STM32WLxx_HAL_Driver/stm32wlxx_hal_uart_ex.o
                0x000000000800a0e2                HAL_UARTEx_StopModeWakeUpSourceConfig
 .text.HAL_UARTEx_EnableStopMode
                0x000000000800a198       0x42 ./Drivers/STM32WLxx_HAL_Driver/stm32wlxx_hal_uart_ex.o
                0x000000000800a198                HAL_UARTEx_EnableStopMode
 .text.HAL_UARTEx_EnableFifoMode
                0x000000000800a1da       0x76 ./Drivers/STM32WLxx_HAL_Driver/stm32wlxx_hal_uart_ex.o
                0x000000000800a1da                HAL_UARTEx_EnableFifoMode
 .text.HAL_UARTEx_SetTxFifoThreshold
                0x000000000800a250       0x7c ./Drivers/STM32WLxx_HAL_Driver/stm32wlxx_hal_uart_ex.o
                0x000000000800a250                HAL_UARTEx_SetTxFifoThreshold
 .text.HAL_UARTEx_SetRxFifoThreshold
                0x000000000800a2cc       0x7c ./Drivers/STM32WLxx_HAL_Driver/stm32wlxx_hal_uart_ex.o
                0x000000000800a2cc                HAL_UARTEx_SetRxFifoThreshold
 .text.UARTEx_Wakeup_AddressConfig
                0x000000000800a348       0x44 ./Drivers/STM32WLxx_HAL_Driver/stm32wlxx_hal_uart_ex.o
 .text.UARTEx_SetNbDataToProcess
                0x000000000800a38c       0xc4 ./Drivers/STM32WLxx_HAL_Driver/stm32wlxx_hal_uart_ex.o
 .text.LL_AHB2_GRP1_EnableClock
                0x000000000800a450       0x30 ./Drivers/STM32WLxx_Nucleo/stm32wlxx_nucleo.o
 .text.BSP_LED_Init
                0x000000000800a480       0x74 ./Drivers/STM32WLxx_Nucleo/stm32wlxx_nucleo.o
                0x000000000800a480                BSP_LED_Init
 .text.BSP_LED_On
                0x000000000800a4f4       0x34 ./Drivers/STM32WLxx_Nucleo/stm32wlxx_nucleo.o
                0x000000000800a4f4                BSP_LED_On
 .text.BSP_LED_Off
                0x000000000800a528       0x34 ./Drivers/STM32WLxx_Nucleo/stm32wlxx_nucleo.o
                0x000000000800a528                BSP_LED_Off
 .text.BSP_LED_GetState
                0x000000000800a55c       0x34 ./Drivers/STM32WLxx_Nucleo/stm32wlxx_nucleo.o
                0x000000000800a55c                BSP_LED_GetState
 .text.LL_AHB2_GRP1_EnableClock
                0x000000000800a590       0x30 ./Drivers/STM32WLxx_Nucleo/stm32wlxx_nucleo_radio.o
 .text.BSP_RADIO_Init
                0x000000000800a5c0       0x7c ./Drivers/STM32WLxx_Nucleo/stm32wlxx_nucleo_radio.o
                0x000000000800a5c0                BSP_RADIO_Init
 .text.BSP_RADIO_ConfigRFSwitch
                0x000000000800a63c       0xb8 ./Drivers/STM32WLxx_Nucleo/stm32wlxx_nucleo_radio.o
                0x000000000800a63c                BSP_RADIO_ConfigRFSwitch
 .text.BSP_RADIO_GetTxConfig
                0x000000000800a6f4        0xe ./Drivers/STM32WLxx_Nucleo/stm32wlxx_nucleo_radio.o
                0x000000000800a6f4                BSP_RADIO_GetTxConfig
 .text.BSP_RADIO_GetWakeUpTime
                0x000000000800a702        0xe ./Drivers/STM32WLxx_Nucleo/stm32wlxx_nucleo_radio.o
                0x000000000800a702                BSP_RADIO_GetWakeUpTime
 .text.BSP_RADIO_IsTCXO
                0x000000000800a710        0xe ./Drivers/STM32WLxx_Nucleo/stm32wlxx_nucleo_radio.o
                0x000000000800a710                BSP_RADIO_IsTCXO
 .text.BSP_RADIO_IsDCDC
                0x000000000800a71e        0xe ./Drivers/STM32WLxx_Nucleo/stm32wlxx_nucleo_radio.o
                0x000000000800a71e                BSP_RADIO_IsDCDC
 .text.RadioSetRxGenericConfig
                0x000000000800a72c      0x314 ./Middlewares/SubGHz_Phy/radio.o
 .text.RadioSetTxGenericConfig
                0x000000000800aa40      0x2cc ./Middlewares/SubGHz_Phy/radio.o
 .text.RadioGetFskBandwidthRegValue
                0x000000000800ad0c       0x50 ./Middlewares/SubGHz_Phy/radio.o
 .text.RadioInit
                0x000000000800ad5c       0xac ./Middlewares/SubGHz_Phy/radio.o
 .text.RadioGetStatus
                0x000000000800ae08       0x2e ./Middlewares/SubGHz_Phy/radio.o
 *fill*         0x000000000800ae36        0x2 
 .text.RadioSetModem
                0x000000000800ae38       0x74 ./Middlewares/SubGHz_Phy/radio.o
 .text.RadioSetChannel
                0x000000000800aeac       0x16 ./Middlewares/SubGHz_Phy/radio.o
 .text.RadioIsChannelFree
                0x000000000800aec2       0xb4 ./Middlewares/SubGHz_Phy/radio.o
 .text.RadioRandom
                0x000000000800af76       0x2c ./Middlewares/SubGHz_Phy/radio.o
 *fill*         0x000000000800afa2        0x2 
 .text.RadioSetRxConfig
                0x000000000800afa4      0x41c ./Middlewares/SubGHz_Phy/radio.o
 .text.RadioSetTxConfig
                0x000000000800b3c0      0x26c ./Middlewares/SubGHz_Phy/radio.o
 .text.RadioCheckRfFrequency
                0x000000000800b62c       0x14 ./Middlewares/SubGHz_Phy/radio.o
 .text.RadioGetLoRaBandwidthInHz
                0x000000000800b640       0xac ./Middlewares/SubGHz_Phy/radio.o
 .text.RadioGetGfskTimeOnAirNumerator
                0x000000000800b6ec       0x54 ./Middlewares/SubGHz_Phy/radio.o
 .text.RadioGetLoRaTimeOnAirNumerator
                0x000000000800b740      0x102 ./Middlewares/SubGHz_Phy/radio.o
 *fill*         0x000000000800b842        0x2 
 .text.RadioTimeOnAir
                0x000000000800b844       0xb0 ./Middlewares/SubGHz_Phy/radio.o
 .text.RadioSend
                0x000000000800b8f4      0x188 ./Middlewares/SubGHz_Phy/radio.o
 .text.RadioSleep
                0x000000000800ba7c       0x26 ./Middlewares/SubGHz_Phy/radio.o
 .text.RadioStandby
                0x000000000800baa2        0xe ./Middlewares/SubGHz_Phy/radio.o
 .text.RadioRx  0x000000000800bab0       0x68 ./Middlewares/SubGHz_Phy/radio.o
 .text.RadioRxBoosted
                0x000000000800bb18       0x68 ./Middlewares/SubGHz_Phy/radio.o
 .text.RadioSetRxDutyCycle
                0x000000000800bb80       0x2c ./Middlewares/SubGHz_Phy/radio.o
 .text.RadioStartCad
                0x000000000800bbac       0x1c ./Middlewares/SubGHz_Phy/radio.o
 .text.RadioSetTxContinuousWave
                0x000000000800bbc8       0x58 ./Middlewares/SubGHz_Phy/radio.o
 .text.RadioRssi
                0x000000000800bc20       0x1a ./Middlewares/SubGHz_Phy/radio.o
 .text.RadioWrite
                0x000000000800bc3a       0x24 ./Middlewares/SubGHz_Phy/radio.o
 .text.RadioRead
                0x000000000800bc5e       0x1c ./Middlewares/SubGHz_Phy/radio.o
 .text.RadioWriteRegisters
                0x000000000800bc7a       0x26 ./Middlewares/SubGHz_Phy/radio.o
 .text.RadioReadRegisters
                0x000000000800bca0       0x26 ./Middlewares/SubGHz_Phy/radio.o
 *fill*         0x000000000800bcc6        0x2 
 .text.RadioSetMaxPayloadLength
                0x000000000800bcc8       0x5c ./Middlewares/SubGHz_Phy/radio.o
 .text.RadioSetPublicNetwork
                0x000000000800bd24       0x5c ./Middlewares/SubGHz_Phy/radio.o
 .text.RadioGetWakeupTime
                0x000000000800bd80       0x10 ./Middlewares/SubGHz_Phy/radio.o
 .text.RadioOnTxTimeoutIrq
                0x000000000800bd90       0x30 ./Middlewares/SubGHz_Phy/radio.o
 .text.RadioOnRxTimeoutIrq
                0x000000000800bdc0       0x30 ./Middlewares/SubGHz_Phy/radio.o
 .text.RadioOnDioIrq
                0x000000000800bdf0       0x24 ./Middlewares/SubGHz_Phy/radio.o
 .text.RadioIrqProcess
                0x000000000800be14      0x358 ./Middlewares/SubGHz_Phy/radio.o
 .text.RadioTxPrbs
                0x000000000800c16c       0x38 ./Middlewares/SubGHz_Phy/radio.o
 .text.RadioTxCw
                0x000000000800c1a4       0x2e ./Middlewares/SubGHz_Phy/radio.o
 .text.payload_integration
                0x000000000800c1d2      0x120 ./Middlewares/SubGHz_Phy/radio.o
 *fill*         0x000000000800c2f2        0x2 
 .text.SUBGRF_Init
                0x000000000800c2f4       0x8c ./Middlewares/SubGHz_Phy/radio_driver.o
                0x000000000800c2f4                SUBGRF_Init
 .text.SUBGRF_GetOperatingMode
                0x000000000800c380       0x14 ./Middlewares/SubGHz_Phy/radio_driver.o
                0x000000000800c380                SUBGRF_GetOperatingMode
 .text.SUBGRF_SetPayload
                0x000000000800c394       0x20 ./Middlewares/SubGHz_Phy/radio_driver.o
                0x000000000800c394                SUBGRF_SetPayload
 .text.SUBGRF_GetPayload
                0x000000000800c3b4       0x44 ./Middlewares/SubGHz_Phy/radio_driver.o
                0x000000000800c3b4                SUBGRF_GetPayload
 .text.SUBGRF_SendPayload
                0x000000000800c3f8       0x26 ./Middlewares/SubGHz_Phy/radio_driver.o
                0x000000000800c3f8                SUBGRF_SendPayload
 .text.SUBGRF_SetSyncWord
                0x000000000800c41e       0x1e ./Middlewares/SubGHz_Phy/radio_driver.o
                0x000000000800c41e                SUBGRF_SetSyncWord
 .text.SUBGRF_SetCrcSeed
                0x000000000800c43c       0x40 ./Middlewares/SubGHz_Phy/radio_driver.o
                0x000000000800c43c                SUBGRF_SetCrcSeed
 .text.SUBGRF_SetCrcPolynomial
                0x000000000800c47c       0x40 ./Middlewares/SubGHz_Phy/radio_driver.o
                0x000000000800c47c                SUBGRF_SetCrcPolynomial
 .text.SUBGRF_SetWhiteningSeed
                0x000000000800c4bc       0x66 ./Middlewares/SubGHz_Phy/radio_driver.o
                0x000000000800c4bc                SUBGRF_SetWhiteningSeed
 .text.SUBGRF_GetRandom
                0x000000000800c522       0x8c ./Middlewares/SubGHz_Phy/radio_driver.o
                0x000000000800c522                SUBGRF_GetRandom
 *fill*         0x000000000800c5ae        0x2 
 .text.SUBGRF_SetSleep
                0x000000000800c5b0       0x68 ./Middlewares/SubGHz_Phy/radio_driver.o
                0x000000000800c5b0                SUBGRF_SetSleep
 .text.SUBGRF_SetStandby
                0x000000000800c618       0x3c ./Middlewares/SubGHz_Phy/radio_driver.o
                0x000000000800c618                SUBGRF_SetStandby
 .text.SUBGRF_SetTx
                0x000000000800c654       0x44 ./Middlewares/SubGHz_Phy/radio_driver.o
                0x000000000800c654                SUBGRF_SetTx
 .text.SUBGRF_SetRx
                0x000000000800c698       0x44 ./Middlewares/SubGHz_Phy/radio_driver.o
                0x000000000800c698                SUBGRF_SetRx
 .text.SUBGRF_SetRxBoosted
                0x000000000800c6dc       0x4c ./Middlewares/SubGHz_Phy/radio_driver.o
                0x000000000800c6dc                SUBGRF_SetRxBoosted
 .text.SUBGRF_SetRxDutyCycle
                0x000000000800c728       0x5c ./Middlewares/SubGHz_Phy/radio_driver.o
                0x000000000800c728                SUBGRF_SetRxDutyCycle
 .text.SUBGRF_SetCad
                0x000000000800c784       0x24 ./Middlewares/SubGHz_Phy/radio_driver.o
                0x000000000800c784                SUBGRF_SetCad
 .text.SUBGRF_SetTxContinuousWave
                0x000000000800c7a8       0x18 ./Middlewares/SubGHz_Phy/radio_driver.o
                0x000000000800c7a8                SUBGRF_SetTxContinuousWave
 .text.SUBGRF_SetTxInfinitePreamble
                0x000000000800c7c0       0x18 ./Middlewares/SubGHz_Phy/radio_driver.o
                0x000000000800c7c0                SUBGRF_SetTxInfinitePreamble
 .text.SUBGRF_SetStopRxTimerOnPreambleDetect
                0x000000000800c7d8       0x24 ./Middlewares/SubGHz_Phy/radio_driver.o
                0x000000000800c7d8                SUBGRF_SetStopRxTimerOnPreambleDetect
 .text.SUBGRF_SetLoRaSymbNumTimeout
                0x000000000800c7fc       0x64 ./Middlewares/SubGHz_Phy/radio_driver.o
                0x000000000800c7fc                SUBGRF_SetLoRaSymbNumTimeout
 .text.SUBGRF_SetRegulatorMode
                0x000000000800c860       0x34 ./Middlewares/SubGHz_Phy/radio_driver.o
                0x000000000800c860                SUBGRF_SetRegulatorMode
 .text.SUBGRF_Calibrate
                0x000000000800c894       0x90 ./Middlewares/SubGHz_Phy/radio_driver.o
                0x000000000800c894                SUBGRF_Calibrate
 .text.SUBGRF_CalibrateImage
                0x000000000800c924       0x90 ./Middlewares/SubGHz_Phy/radio_driver.o
                0x000000000800c924                SUBGRF_CalibrateImage
 .text.SUBGRF_SetPaConfig
                0x000000000800c9b4       0x48 ./Middlewares/SubGHz_Phy/radio_driver.o
                0x000000000800c9b4                SUBGRF_SetPaConfig
 .text.SUBGRF_SetDioIrqParams
                0x000000000800c9fc       0x78 ./Middlewares/SubGHz_Phy/radio_driver.o
                0x000000000800c9fc                SUBGRF_SetDioIrqParams
 .text.SUBGRF_SetTcxoMode
                0x000000000800ca74       0x48 ./Middlewares/SubGHz_Phy/radio_driver.o
                0x000000000800ca74                SUBGRF_SetTcxoMode
 .text.SUBGRF_SetRfFrequency
                0x000000000800cabc       0x90 ./Middlewares/SubGHz_Phy/radio_driver.o
                0x000000000800cabc                SUBGRF_SetRfFrequency
 .text.SUBGRF_SetPacketType
                0x000000000800cb4c       0x3c ./Middlewares/SubGHz_Phy/radio_driver.o
                0x000000000800cb4c                SUBGRF_SetPacketType
 .text.SUBGRF_GetPacketType
                0x000000000800cb88       0x14 ./Middlewares/SubGHz_Phy/radio_driver.o
                0x000000000800cb88                SUBGRF_GetPacketType
 .text.SUBGRF_SetTxParams
                0x000000000800cb9c       0xd0 ./Middlewares/SubGHz_Phy/radio_driver.o
                0x000000000800cb9c                SUBGRF_SetTxParams
 .text.SUBGRF_SetModulationParams
                0x000000000800cc6c      0x1a8 ./Middlewares/SubGHz_Phy/radio_driver.o
                0x000000000800cc6c                SUBGRF_SetModulationParams
 .text.SUBGRF_SetPacketParams
                0x000000000800ce14      0x140 ./Middlewares/SubGHz_Phy/radio_driver.o
                0x000000000800ce14                SUBGRF_SetPacketParams
 .text.SUBGRF_SetBufferBaseAddress
                0x000000000800cf54       0x34 ./Middlewares/SubGHz_Phy/radio_driver.o
                0x000000000800cf54                SUBGRF_SetBufferBaseAddress
 .text.SUBGRF_GetRssiInst
                0x000000000800cf88       0x30 ./Middlewares/SubGHz_Phy/radio_driver.o
                0x000000000800cf88                SUBGRF_GetRssiInst
 .text.SUBGRF_GetRxBufferStatus
                0x000000000800cfb8       0x5c ./Middlewares/SubGHz_Phy/radio_driver.o
                0x000000000800cfb8                SUBGRF_GetRxBufferStatus
 .text.SUBGRF_GetPacketStatus
                0x000000000800d014       0xa8 ./Middlewares/SubGHz_Phy/radio_driver.o
                0x000000000800d014                SUBGRF_GetPacketStatus
 .text.SUBGRF_WriteRegister
                0x000000000800d0bc       0x28 ./Middlewares/SubGHz_Phy/radio_driver.o
                0x000000000800d0bc                SUBGRF_WriteRegister
 .text.SUBGRF_ReadRegister
                0x000000000800d0e4       0x28 ./Middlewares/SubGHz_Phy/radio_driver.o
                0x000000000800d0e4                SUBGRF_ReadRegister
 .text.SUBGRF_WriteRegisters
                0x000000000800d10c       0x28 ./Middlewares/SubGHz_Phy/radio_driver.o
                0x000000000800d10c                SUBGRF_WriteRegisters
 .text.SUBGRF_ReadRegisters
                0x000000000800d134       0x28 ./Middlewares/SubGHz_Phy/radio_driver.o
                0x000000000800d134                SUBGRF_ReadRegisters
 .text.SUBGRF_WriteBuffer
                0x000000000800d15c       0x2c ./Middlewares/SubGHz_Phy/radio_driver.o
                0x000000000800d15c                SUBGRF_WriteBuffer
 .text.SUBGRF_ReadBuffer
                0x000000000800d188       0x2c ./Middlewares/SubGHz_Phy/radio_driver.o
                0x000000000800d188                SUBGRF_ReadBuffer
 .text.SUBGRF_SetSwitch
                0x000000000800d1b4       0x50 ./Middlewares/SubGHz_Phy/radio_driver.o
                0x000000000800d1b4                SUBGRF_SetSwitch
 .text.SUBGRF_SetRfTxPower
                0x000000000800d204       0x68 ./Middlewares/SubGHz_Phy/radio_driver.o
                0x000000000800d204                SUBGRF_SetRfTxPower
 .text.SUBGRF_GetRadioWakeUpTime
                0x000000000800d26c        0xe ./Middlewares/SubGHz_Phy/radio_driver.o
                0x000000000800d26c                SUBGRF_GetRadioWakeUpTime
 *fill*         0x000000000800d27a        0x2 
 .text.HAL_SUBGHZ_TxCpltCallback
                0x000000000800d27c       0x1c ./Middlewares/SubGHz_Phy/radio_driver.o
                0x000000000800d27c                HAL_SUBGHZ_TxCpltCallback
 .text.HAL_SUBGHZ_RxCpltCallback
                0x000000000800d298       0x1c ./Middlewares/SubGHz_Phy/radio_driver.o
                0x000000000800d298                HAL_SUBGHZ_RxCpltCallback
 .text.HAL_SUBGHZ_CRCErrorCallback
                0x000000000800d2b4       0x1c ./Middlewares/SubGHz_Phy/radio_driver.o
                0x000000000800d2b4                HAL_SUBGHZ_CRCErrorCallback
 .text.HAL_SUBGHZ_CADStatusCallback
                0x000000000800d2d0       0x3c ./Middlewares/SubGHz_Phy/radio_driver.o
                0x000000000800d2d0                HAL_SUBGHZ_CADStatusCallback
 .text.HAL_SUBGHZ_RxTxTimeoutCallback
                0x000000000800d30c       0x20 ./Middlewares/SubGHz_Phy/radio_driver.o
                0x000000000800d30c                HAL_SUBGHZ_RxTxTimeoutCallback
 .text.HAL_SUBGHZ_HeaderErrorCallback
                0x000000000800d32c       0x1c ./Middlewares/SubGHz_Phy/radio_driver.o
                0x000000000800d32c                HAL_SUBGHZ_HeaderErrorCallback
 .text.HAL_SUBGHZ_PreambleDetectedCallback
                0x000000000800d348       0x1c ./Middlewares/SubGHz_Phy/radio_driver.o
                0x000000000800d348                HAL_SUBGHZ_PreambleDetectedCallback
 .text.HAL_SUBGHZ_SyncWordValidCallback
                0x000000000800d364       0x1c ./Middlewares/SubGHz_Phy/radio_driver.o
                0x000000000800d364                HAL_SUBGHZ_SyncWordValidCallback
 .text.HAL_SUBGHZ_HeaderValidCallback
                0x000000000800d380       0x1c ./Middlewares/SubGHz_Phy/radio_driver.o
                0x000000000800d380                HAL_SUBGHZ_HeaderValidCallback
 .text.Radio_SMPS_Set
                0x000000000800d39c       0x42 ./Middlewares/SubGHz_Phy/radio_driver.o
 *fill*         0x000000000800d3de        0x2 
 .text.UTIL_ADV_TRACE_Init
                0x000000000800d3e0       0x38 ./Utilities/stm32_adv_trace.o
                0x000000000800d3e0                UTIL_ADV_TRACE_Init
 .text.UTIL_ADV_TRACE_StartRxProcess
                0x000000000800d418       0x20 ./Utilities/stm32_adv_trace.o
                0x000000000800d418                UTIL_ADV_TRACE_StartRxProcess
 .text.UTIL_ADV_TRACE_COND_FSend
                0x000000000800d438      0x100 ./Utilities/stm32_adv_trace.o
                0x000000000800d438                UTIL_ADV_TRACE_COND_FSend
 .text.UTIL_ADV_TRACE_RegisterTimeStampFunction
                0x000000000800d538       0x1c ./Utilities/stm32_adv_trace.o
                0x000000000800d538                UTIL_ADV_TRACE_RegisterTimeStampFunction
 .text.UTIL_ADV_TRACE_SetVerboseLevel
                0x000000000800d554       0x20 ./Utilities/stm32_adv_trace.o
                0x000000000800d554                UTIL_ADV_TRACE_SetVerboseLevel
 .text.UTIL_ADV_TRACE_GetVerboseLevel
                0x000000000800d574       0x14 ./Utilities/stm32_adv_trace.o
                0x000000000800d574                UTIL_ADV_TRACE_GetVerboseLevel
 .text.TRACE_Send
                0x000000000800d588      0x108 ./Utilities/stm32_adv_trace.o
 .text.TRACE_TxCpltCallback
                0x000000000800d690      0x110 ./Utilities/stm32_adv_trace.o
 .text.TRACE_AllocateBufer
                0x000000000800d7a0       0xfc ./Utilities/stm32_adv_trace.o
 .text.TRACE_Lock
                0x000000000800d89c       0x3c ./Utilities/stm32_adv_trace.o
 .text.TRACE_UnLock
                0x000000000800d8d8       0x3c ./Utilities/stm32_adv_trace.o
 .text.TRACE_IsLocked
                0x000000000800d914       0x20 ./Utilities/stm32_adv_trace.o
 .text.UTIL_LPM_Init
                0x000000000800d934       0x20 ./Utilities/stm32_lpm.o
                0x000000000800d934                UTIL_LPM_Init
 .text.UTIL_LPM_SetStopMode
                0x000000000800d954       0x60 ./Utilities/stm32_lpm.o
                0x000000000800d954                UTIL_LPM_SetStopMode
 .text.UTIL_LPM_SetOffMode
                0x000000000800d9b4       0x60 ./Utilities/stm32_lpm.o
                0x000000000800d9b4                UTIL_LPM_SetOffMode
 .text.UTIL_LPM_EnterLowPower
                0x000000000800da14       0x6c ./Utilities/stm32_lpm.o
                0x000000000800da14                UTIL_LPM_EnterLowPower
 .text.UTIL_MEM_set_8
                0x000000000800da80       0x36 ./Utilities/stm32_mem.o
                0x000000000800da80                UTIL_MEM_set_8
 *fill*         0x000000000800dab6        0x2 
 .text.UTIL_SEQ_Run
                0x000000000800dab8      0x1c8 ./Utilities/stm32_seq.o
                0x000000000800dab8                UTIL_SEQ_Run
 .text.UTIL_SEQ_RegTask
                0x000000000800dc80       0x44 ./Utilities/stm32_seq.o
                0x000000000800dc80                UTIL_SEQ_RegTask
 .text.UTIL_SEQ_SetTask
                0x000000000800dcc4       0x58 ./Utilities/stm32_seq.o
                0x000000000800dcc4                UTIL_SEQ_SetTask
 .text.UTIL_SEQ_PreIdle
                0x000000000800dd1c        0xc ./Utilities/stm32_seq.o
                0x000000000800dd1c                UTIL_SEQ_PreIdle
 .text.UTIL_SEQ_PostIdle
                0x000000000800dd28        0xc ./Utilities/stm32_seq.o
                0x000000000800dd28                UTIL_SEQ_PostIdle
 .text.SEQ_BitPosition
                0x000000000800dd34       0x70 ./Utilities/stm32_seq.o
                0x000000000800dd34                SEQ_BitPosition
 .text.SysTimeAdd
                0x000000000800dda4       0x72 ./Utilities/stm32_systime.o
                0x000000000800dda4                SysTimeAdd
 *fill*         0x000000000800de16        0x2 
 .text.SysTimeGet
                0x000000000800de18       0x70 ./Utilities/stm32_systime.o
                0x000000000800de18                SysTimeGet
 .text.UTIL_TIMER_Init
                0x000000000800de88       0x20 ./Utilities/stm32_timer.o
                0x000000000800de88                UTIL_TIMER_Init
 .text.UTIL_TIMER_Create
                0x000000000800dea8       0x6c ./Utilities/stm32_timer.o
                0x000000000800dea8                UTIL_TIMER_Create
 .text.UTIL_TIMER_Start
                0x000000000800df14       0xdc ./Utilities/stm32_timer.o
                0x000000000800df14                UTIL_TIMER_Start
 .text.UTIL_TIMER_Stop
                0x000000000800dff0       0xe0 ./Utilities/stm32_timer.o
                0x000000000800dff0                UTIL_TIMER_Stop
 .text.UTIL_TIMER_SetPeriod
                0x000000000800e0d0       0x54 ./Utilities/stm32_timer.o
                0x000000000800e0d0                UTIL_TIMER_SetPeriod
 .text.UTIL_TIMER_IRQ_Handler
                0x000000000800e124      0x100 ./Utilities/stm32_timer.o
                0x000000000800e124                UTIL_TIMER_IRQ_Handler
 .text.UTIL_TIMER_GetCurrentTime
                0x000000000800e224       0x24 ./Utilities/stm32_timer.o
                0x000000000800e224                UTIL_TIMER_GetCurrentTime
 .text.UTIL_TIMER_GetElapsedTime
                0x000000000800e248       0x38 ./Utilities/stm32_timer.o
                0x000000000800e248                UTIL_TIMER_GetElapsedTime
 .text.TimerExists
                0x000000000800e280       0x38 ./Utilities/stm32_timer.o
                0x000000000800e280                TimerExists
 .text.TimerSetTimeout
                0x000000000800e2b8       0x54 ./Utilities/stm32_timer.o
                0x000000000800e2b8                TimerSetTimeout
 .text.TimerInsertTimer
                0x000000000800e30c       0x60 ./Utilities/stm32_timer.o
                0x000000000800e30c                TimerInsertTimer
 .text.TimerInsertNewHeadTimer
                0x000000000800e36c       0x3c ./Utilities/stm32_timer.o