../../../../../../../Drivers/STM32WLxx_HAL_Driver/Inc/stm32wlxx_ll_bus.h:1488:22:LL_APB3_GRP1_EnableClock	24	static
../../../../../../../Drivers/STM32WLxx_HAL_Driver/Inc/stm32wlxx_ll_bus.h:1516:22:LL_APB3_GRP1_DisableClock	16	static
/home/abc/Workspace/Work/Cranesafe/Code/STM32Cube_FW_WL_V1.0.0/Projects/NUCLEO-WL55JC/Demonstrations/LocalNetwork/LocalNetwork_Concentrator/Core/Src/subghz.c:30:6:MX_SUBGHZ_Init	8	static
/home/abc/Workspace/Work/Cranesafe/Code/STM32Cube_FW_WL_V1.0.0/Projects/NUCLEO-WL55JC/Demonstrations/LocalNetwork/LocalNetwork_Concentrator/Core/Src/subghz.c:41:6:HAL_SUBGHZ_MspInit	16	static
/home/abc/Workspace/Work/Cranesafe/Code/STM32Cube_FW_WL_V1.0.0/Projects/NUCLEO-WL55JC/Demonstrations/LocalNetwork/LocalNetwork_Concentrator/Core/Src/subghz.c:58:6:HAL_SUBGHZ_MspDeInit	16	static
