../../../../../../../Drivers/STM32WLxx_HAL_Driver/Inc/stm32wlxx_ll_rcc.h:1972:22:LL_RCC_SetClkAfterWakeFromStop	16	static
../../../../../../../Drivers/STM32WLxx_HAL_Driver/Inc/stm32wlxx_ll_bus.h:449:22:LL_AHB2_GRP1_EnableClock	24	static
../../../../../../../Drivers/STM32WLxx_HAL_Driver/Inc/stm32wlxx_ll_bus.h:489:22:LL_AHB2_GRP1_DisableClock	16	static
/home/abc/Workspace/Work/Cranesafe/Code/STM32Cube_FW_WL_V1.0.0/Projects/NUCLEO-WL55JC/Demonstrations/LocalNetwork/LocalNetwork_Concentrator/Core/Src/sys_app.c:91:6:SystemApp_Init	8	static
/home/abc/Workspace/Work/Cranesafe/Code/STM32Cube_FW_WL_V1.0.0/Projects/NUCLEO-WL55JC/Demonstrations/LocalNetwork/LocalNetwork_Concentrator/Core/Src/sys_app.c:133:6:UTIL_SEQ_Idle	8	static
/home/abc/Workspace/Work/Cranesafe/Code/STM32Cube_FW_WL_V1.0.0/Projects/NUCLEO-WL55JC/Demonstrations/LocalNetwork/LocalNetwork_Concentrator/Core/Src/sys_app.c:149:13:TimestampNow	32	static
/home/abc/Workspace/Work/Cranesafe/Code/STM32Cube_FW_WL_V1.0.0/Projects/NUCLEO-WL55JC/Demonstrations/LocalNetwork/LocalNetwork_Concentrator/Core/Src/sys_app.c:162:13:Gpio_PreInit	32	static
/home/abc/Workspace/Work/Cranesafe/Code/STM32Cube_FW_WL_V1.0.0/Projects/NUCLEO-WL55JC/Demonstrations/LocalNetwork/LocalNetwork_Concentrator/Core/Src/sys_app.c:202:6:UTIL_ADV_TRACE_PreSendHook	8	static
/home/abc/Workspace/Work/Cranesafe/Code/STM32Cube_FW_WL_V1.0.0/Projects/NUCLEO-WL55JC/Demonstrations/LocalNetwork/LocalNetwork_Concentrator/Core/Src/sys_app.c:213:6:UTIL_ADV_TRACE_PostSendHook	8	static
/home/abc/Workspace/Work/Cranesafe/Code/STM32Cube_FW_WL_V1.0.0/Projects/NUCLEO-WL55JC/Demonstrations/LocalNetwork/LocalNetwork_Concentrator/Core/Src/sys_app.c:224:13:tiny_snprintf_like	24	static
/home/abc/Workspace/Work/Cranesafe/Code/STM32Cube_FW_WL_V1.0.0/Projects/NUCLEO-WL55JC/Demonstrations/LocalNetwork/LocalNetwork_Concentrator/Core/Src/sys_app.c:250:19:HAL_InitTick	16	static
/home/abc/Workspace/Work/Cranesafe/Code/STM32Cube_FW_WL_V1.0.0/Projects/NUCLEO-WL55JC/Demonstrations/LocalNetwork/LocalNetwork_Concentrator/Core/Src/sys_app.c:267:10:HAL_GetTick	8	static
/home/abc/Workspace/Work/Cranesafe/Code/STM32Cube_FW_WL_V1.0.0/Projects/NUCLEO-WL55JC/Demonstrations/LocalNetwork/LocalNetwork_Concentrator/Core/Src/sys_app.c:284:6:HAL_Delay	16	static
