../../../../../../../Drivers/STM32WLxx_HAL_Driver/Inc/stm32wlxx_ll_bus.h:449:22:LL_AHB2_GRP1_EnableClock	24	static
../../../../../../../Drivers/STM32WLxx_HAL_Driver/Inc/stm32wlxx_ll_bus.h:935:22:LL_APB1_GRP2_EnableClock	24	static
../../../../../../../Drivers/STM32WLxx_HAL_Driver/Inc/stm32wlxx_ll_bus.h:1034:22:LL_APB1_GRP2_DisableClock	16	static
/home/abc/Workspace/Work/Cranesafe/Code/STM32Cube_FW_WL_V1.0.0/Projects/NUCLEO-WL55JC/Demonstrations/LocalNetwork/LocalNetwork_Concentrator/Core/Src/usart.c:32:6:MX_LPUART1_UART_Init	8	static
/home/abc/Workspace/Work/Cranesafe/Code/STM32Cube_FW_WL_V1.0.0/Projects/NUCLEO-WL55JC/Demonstrations/LocalNetwork/LocalNetwork_Concentrator/Core/Src/usart.c:65:6:HAL_UART_MspInit	96	static
/home/abc/Workspace/Work/Cranesafe/Code/STM32Cube_FW_WL_V1.0.0/Projects/NUCLEO-WL55JC/Demonstrations/LocalNetwork/LocalNetwork_Concentrator/Core/Src/usart.c:131:6:HAL_UART_MspDeInit	16	static
